data/pricing_data.csv
product_id,day,base_price,price,competitor_price,promo,day_of_week,units_sold,cost_per_unit,revenue,profit
1,1,543.27,576.27,491.74,0,0,86,305.63,49559.22,23275.04
1,2,543.27,577.8,620.67,0,1,101,249.1,58357.8,33198.7
1,3,543.27,483.2,602.0,1,2,220,316.25,106304.0,36729.0
1,4,543.27,543.47,517.78,0,3,98,270.32,53260.06,26768.7
1,5,543.27,538.38,513.64,0,4,99,275.71,53299.62,26004.33
1,6,543.27,570.81,513.85,0,5,97,304.97,55368.57,25786.48
1,7,543.27,503.34,530.26,0,6,131,230.46,65937.54,35747.28
1,8,543.27,548.37,560.21,0,0,104,238.26,57030.48,32251.44
1,9,543.27,548.29,547.61,0,1,103,313.19,56473.87,24215.3
1,10,543.27,498.66,528.5,0,2,119,312.51,59340.54,22151.85
1,11,543.27,452.14,572.04,1,3,235,322.77,106252.9,30401.95
1,12,543.27,581.66,507.89,0,4,83,312.63,48277.78,22329.49
1,13,543.27,480.51,528.62,1,5,223,207.44,107153.73,60894.61
1,14,543.27,499.73,538.7,0,6,132,302.02,65964.36,26097.72
1,15,543.27,498.8,550.89,0,0,123,245.81,61352.4,31117.77
1,16,543.27,517.49,595.58,0,1,123,324.71,63651.27,23711.94
1,17,543.27,583.99,516.06,0,2,83,254.29,48471.17,27365.1
1,18,543.27,424.44,558.79,1,3,262,265.37,111203.28,41676.34
1,19,543.27,567.17,569.4,0,4,97,262.1,55015.49,29591.79
1,20,543.27,499.94,495.25,0,5,120,233.84,59992.8,31932.0
1,21,543.27,556.65,571.46,0,6,123,200.33,68467.95,43827.36
1,22,543.27,527.63,512.1,0,0,100,311.79,52763.0,21584.0
1,23,543.27,574.66,497.78,0,1,79,299.16,45398.14,21764.5
1,24,543.27,515.3,617.82,1,2,206,209.09,106151.8,63079.26
1,25,543.27,558.39,620.09,0,3,105,295.64,58630.95,27588.75
1,26,543.27,514.55,598.74,0,4,124,275.15,63804.2,29685.6
1,27,543.27,566.49,530.31,0,5,109,245.71,61747.41,34965.02
1,28,543.27,583.87,502.21,0,6,85,224.65,49628.95,30533.7
1,29,543.27,502.72,581.87,0,0,121,306.91,60829.12,23693.01
1,30,543.27,583.1,548.72,0,1,87,285.24,50729.7,25913.82
1,31,543.27,553.44,505.52,0,2,95,264.54,52576.8,27445.5
1,32,543.27,502.75,556.2,0,3,126,272.93,63346.5,28957.32
1,33,543.27,535.4,493.61,0,4,95,202.51,50863.0,31624.55
1,34,543.27,506.42,612.44,0,5,145,254.51,73430.9,36526.95
1,35,543.27,565.04,524.09,0,6,106,216.45,59894.24,36950.54
1,36,543.27,571.4,578.93,0,0,106,218.45,60568.4,37412.7
1,37,543.27,500.44,531.28,0,1,118,279.96,59051.92,26016.64
1,38,543.27,543.94,559.58,0,2,100,313.91,54394.0,23003.0
1,39,543.27,577.46,563.2,0,3,93,244.98,53703.78,30920.64
1,40,543.27,590.66,514.05,0,4,81,218.36,47843.46,30156.3
1,41,543.27,544.74,620.63,0,5,127,278.26,69181.98,33842.96
1,42,543.27,592.19,594.22,0,6,106,308.47,62772.14,30074.32
1,43,543.27,547.15,616.54,0,0,118,291.78,64563.7,30133.66
1,44,543.27,467.88,610.48,1,1,239,308.14,111823.32,38177.86
1,45,543.27,581.1,570.15,0,2,95,263.02,55204.5,30217.6
1,46,543.27,542.51,614.15,0,3,120,292.26,65101.2,30030.0
1,47,543.27,540.22,500.96,0,4,97,209.17,52401.34,32111.85
1,48,543.27,542.22,515.56,0,5,109,237.45,59101.98,33219.93
1,49,543.27,580.95,495.09,0,6,92,243.05,53447.4,31086.8
1,50,543.27,579.34,533.13,0,0,90,259.59,52140.6,28777.5
1,51,543.27,532.79,541.73,0,1,114,316.33,60738.06,24676.44
1,52,543.27,525.16,525.8,0,2,103,308.89,54091.48,22275.81
1,53,543.27,542.39,601.5,0,3,113,208.42,61290.07,37738.61
1,54,543.27,551.18,537.4,0,4,100,213.61,55118.0,33757.0
1,55,543.27,514.84,527.1,0,5,124,238.72,63840.16,34238.88
1,56,543.27,575.21,562.65,0,6,110,229.63,63273.1,38013.8
1,57,543.27,541.8,508.08,0,0,97,273.64,52554.6,26011.52
1,58,543.27,525.24,597.9,0,1,116,312.76,60927.84,24647.68
1,59,543.27,500.55,499.07,0,2,114,320.84,57062.7,20486.94
1,60,543.27,514.89,622.98,0,3,130,278.92,66935.7,30676.1
1,61,543.27,592.09,593.83,0,4,91,303.98,53880.19,26218.01
1,62,543.27,522.09,515.93,0,5,117,261.48,61084.53,30491.37
1,63,543.27,507.29,489.69,0,6,112,218.44,56816.48,32351.2
1,64,543.27,539.0,599.7,0,0,113,261.41,60907.0,31367.67
1,65,543.27,522.31,584.95,0,1,117,265.53,61110.27,30043.26
1,66,543.27,492.76,587.95,0,2,134,290.98,66029.84,27038.52
1,67,543.27,524.05,593.7,0,3,120,220.01,62886.0,36484.8
1,68,543.27,548.06,499.0,0,4,89,240.17,48777.34,27402.21
1,69,543.27,490.96,537.63,1,5,220,239.59,108011.2,55301.4
1,70,543.27,527.68,504.68,0,6,108,320.45,56989.44,22380.84
1,71,543.27,537.54,606.17,0,0,118,250.44,63429.72,33877.8
1,72,543.27,593.85,573.6,0,1,90,292.7,53446.5,27103.5
1,73,543.27,529.94,533.88,0,2,106,292.12,56173.64,25208.92
1,74,543.27,488.63,497.58,1,3,188,226.21,91862.44,49334.96
1,75,543.27,515.4,531.18,0,4,114,267.81,58755.6,28225.26
1,76,543.27,538.68,533.11,0,5,118,311.61,63564.24,26794.26
1,77,543.27,571.47,588.04,0,6,112,254.68,64004.64,35480.48
1,78,543.27,511.32,575.53,0,0,123,318.51,62892.36,23715.63
1,79,543.27,566.01,609.44,0,1,106,219.27,59997.06,36754.44
1,80,543.27,491.24,553.08,0,2,127,200.22,62387.48,36959.54
1,81,543.27,534.46,505.19,0,3,101,311.22,53980.46,22547.24
1,82,543.27,444.54,585.81,1,4,247,305.27,109801.38,34399.69
1,83,543.27,525.75,592.27,0,5,126,324.96,66244.5,25299.54
1,84,543.27,550.2,565.17,0,6,117,282.42,64373.4,31330.26
1,85,543.27,511.21,593.65,0,0,126,317.36,64412.46,24425.1
1,86,543.27,569.56,556.01,0,1,95,302.46,54108.2,25374.5
1,87,543.27,494.62,559.94,0,2,122,304.83,60343.64,23154.38
1,88,543.27,581.58,547.01,0,3,96,267.44,55831.68,30157.44
1,89,543.27,510.48,492.4,0,4,107,242.08,54621.36,28718.8
1,90,543.27,583.95,503.6,0,5,89,317.07,51971.55,23752.32
1,91,543.27,476.05,493.21,1,6,210,248.83,99970.5,47716.2
1,92,543.27,567.47,575.38,0,0,99,263.33,56179.53,30109.86
1,93,543.27,523.63,531.64,0,1,113,250.73,59170.19,30837.7
1,94,543.27,587.37,558.02,0,2,92,266.86,54038.04,29486.92
1,95,543.27,502.7,612.21,0,3,130,254.05,65351.0,32324.5
1,96,543.27,508.34,522.8,0,4,115,196.66,58459.1,35843.2
1,97,543.27,542.51,544.68,0,5,112,309.94,60761.12,26047.84
1,98,543.27,412.93,591.56,1,6,310,250.5,128008.3,50353.3
1,99,543.27,510.24,520.02,0,0,116,270.13,59187.84,27852.76
1,100,543.27,470.13,499.4,1,1,199,209.05,93555.87,51954.92
1,101,543.27,595.04,528.3,0,2,82,190.6,48793.28,33164.08
1,102,543.27,529.83,510.84,0,3,95,223.46,50333.85,29105.15
1,103,543.27,589.26,615.21,0,4,96,285.84,56568.96,29128.32
1,104,543.27,548.14,598.7,0,5,119,203.62,65228.66,40997.88
1,105,543.27,518.25,574.97,0,6,131,313.59,67890.75,26810.46
1,106,543.27,565.26,607.3,0,0,106,219.35,59917.56,36666.46
1,107,543.27,560.54,598.1,0,1,103,217.93,57735.62,35288.83
1,108,543.27,596.42,514.28,0,2,79,214.8,47117.18,30147.98
1,109,543.27,517.74,610.17,0,3,127,192.04,65752.98,41363.9
1,110,543.27,561.96,562.2,0,4,102,294.97,57319.92,27232.98
1,111,543.27,494.6,598.61,0,5,140,308.99,69244.0,25985.4
1,112,543.27,501.29,610.65,0,6,145,273.56,72687.05,33020.85
1,113,543.27,483.27,532.13,1,0,198,215.71,95687.46,52976.88
1,114,543.27,597.54,503.89,0,1,80,228.89,47803.2,29492.0
1,115,543.27,493.53,519.9,1,2,193,254.78,95251.29,46078.75
1,116,543.27,574.42,546.95,0,3,91,319.76,52272.22,23174.06
1,117,543.27,544.33,600.04,0,4,111,223.74,60420.63,35585.49
1,118,543.27,521.55,605.85,0,5,134,289.51,69887.7,31093.36
1,119,543.27,505.38,489.89,0,6,111,249.83,56097.18,28366.05
1,120,543.27,519.87,558.31,0,0,117,230.6,60824.79,33844.59
1,121,543.27,529.79,545.63,0,1,109,252.07,57747.11,30271.48
1,122,543.27,571.12,519.11,0,2,92,199.82,52543.04,34159.6
1,123,543.27,547.58,505.22,0,3,91,298.62,49829.78,22655.36
1,124,543.27,497.36,534.8,0,4,119,223.19,59185.84,32626.23
1,125,543.27,490.9,617.01,0,5,146,288.67,71671.4,29525.58
1,126,543.27,500.06,532.84,0,6,128,199.43,64007.68,38480.64
1,127,543.27,533.55,559.4,0,0,107,319.86,57089.85,22864.83
1,128,543.27,590.34,584.43,0,1,98,216.36,57853.32,36650.04
1,129,543.27,558.2,538.33,0,2,96,310.04,53587.2,23823.36
1,130,543.27,576.06,620.93,0,3,106,300.09,61062.36,29252.82
1,131,543.27,539.62,619.66,0,4,117,321.6,63135.54,25508.34
1,132,543.27,528.24,523.14,0,5,112,255.05,59162.88,30597.28
1,133,543.27,500.72,556.48,0,6,135,288.94,67597.2,28590.3
1,134,543.27,584.12,529.81,0,0,89,240.49,51986.68,30583.07
1,135,543.27,574.04,527.63,0,1,87,215.18,49941.48,31220.82
1,136,543.27,507.21,493.95,0,2,110,250.32,55793.1,28257.9
1,137,543.27,544.6,571.73,0,3,106,212.66,57727.6,35185.64
1,138,543.27,541.9,557.22,0,4,106,323.52,57441.4,23148.28
1,139,543.27,556.86,495.93,0,5,100,203.22,55686.0,35364.0
1,140,543.27,591.75,526.79,0,6,91,270.17,53849.25,29263.78
1,141,543.27,551.94,612.3,0,0,113,275.23,62369.22,31268.23
1,142,543.27,547.64,521.48,0,1,97,263.23,53121.08,27587.77
1,143,543.27,494.41,508.62,0,2,117,280.08,57845.97,25076.61
1,144,543.27,495.78,555.42,0,3,118,205.92,58502.04,34203.48
1,145,543.27,509.3,622.81,0,4,125,265.53,63662.5,30471.25
1,146,543.27,492.47,521.82,0,5,134,229.15,65990.98,35284.88
1,147,543.27,569.71,580.23,0,6,115,317.84,65516.65,28965.05
1,148,543.27,567.54,592.38,0,0,101,293.65,57321.54,27662.89
1,149,543.27,503.73,521.22,0,1,114,322.23,57425.22,20691.0
1,150,543.27,579.79,587.85,0,2,100,195.25,57979.0,38454.0
1,151,543.27,505.76,538.89,0,3,120,228.87,60691.2,33226.8
1,152,543.27,521.67,574.82,0,4,112,216.69,58427.04,34157.76
1,153,543.27,516.0,574.99,0,5,129,191.66,66564.0,41839.86
1,154,543.27,529.4,561.71,0,6,123,223.06,65116.2,37679.82
1,155,543.27,516.61,501.21,0,0,108,282.33,55793.88,25302.24
1,156,543.27,449.69,602.39,1,1,255,221.53,114670.95,58180.8
1,157,543.27,533.21,532.51,0,2,105,259.28,55987.05,28762.65
1,158,543.27,596.14,514.28,0,3,76,310.73,45306.64,21691.16
1,159,543.27,495.02,494.48,0,4,114,284.37,56432.28,24014.1
1,160,543.27,504.39,569.2,0,5,140,243.74,70614.6,36491.0
1,161,543.27,494.68,580.97,0,6,143,240.73,70739.24,36314.85
1,162,543.27,556.94,491.2,0,0,85,252.04,47339.9,25916.5
1,163,543.27,494.87,558.49,0,1,129,214.19,63838.23,36207.72
1,164,543.27,579.83,519.71,0,2,89,276.25,51604.87,27018.62
1,165,543.27,544.57,576.57,0,3,106,239.6,57724.42,32326.82
1,166,543.27,546.2,512.63,0,4,98,305.91,53527.6,23548.42
1,167,543.27,549.96,582.78,0,5,122,292.9,67095.12,31361.32
1,168,543.27,507.5,541.47,0,6,133,273.06,67497.5,31180.52
1,169,543.27,510.42,616.17,0,0,129,239.61,65844.18,34934.49
1,170,543.27,523.58,507.62,0,1,103,218.66,53928.74,31406.76
1,171,543.27,553.43,535.27,0,2,102,295.56,56449.86,26302.74
1,172,543.27,511.77,504.35,0,3,104,256.21,53224.08,26578.24
1,173,543.27,501.58,614.53,0,4,134,220.67,67211.72,37641.94
1,174,543.27,594.35,608.1,0,5,104,216.65,61812.4,39280.8
1,175,543.27,491.33,523.98,0,6,136,212.61,66820.88,37905.92
1,176,543.27,476.16,578.58,1,0,220,295.7,104755.2,39701.2
1,177,543.27,574.57,599.94,0,1,107,221.24,61478.99,37806.31
1,178,543.27,521.24,564.35,0,2,118,261.67,61506.32,30629.26
1,179,543.27,503.68,560.88,0,3,119,251.47,59937.92,30012.99
1,180,543.27,504.77,521.79,0,4,119,268.87,60067.63,28072.1
1,181,543.27,564.72,501.59,0,5,101,309.28,57036.72,25799.44
1,182,543.27,502.29,610.8,1,6,234,308.0,117535.86,45463.86
1,183,543.27,573.99,611.24,0,0,103,251.41,59120.97,33225.74
1,184,543.27,590.8,574.93,0,1,93,192.23,54944.4,37067.01
1,185,543.27,564.12,534.99,0,2,95,248.06,53591.4,30025.7
1,186,543.27,505.88,536.37,0,3,115,272.48,58176.2,26841.0
1,187,543.27,515.39,587.54,0,4,127,265.9,65454.53,31685.23
1,188,543.27,580.45,610.79,0,5,113,278.61,65590.85,34107.92
1,189,543.27,511.68,609.42,0,6,132,211.07,67541.76,39680.52
1,190,543.27,496.82,594.86,0,0,132,277.96,65580.24,28889.52
1,191,543.27,499.8,576.14,1,1,202,214.95,100959.6,57539.7
1,192,543.27,532.68,500.37,0,2,99,292.08,52735.32,23819.4
1,193,543.27,588.91,510.9,0,3,81,236.2,47701.71,28569.51
1,194,543.27,559.6,610.98,0,4,112,286.56,62675.2,30580.48
1,195,543.27,498.77,571.31,0,5,143,196.65,71324.11,43203.16
1,196,543.27,459.44,490.19,1,6,227,245.54,104292.88,48555.3
1,197,543.27,517.04,502.72,0,0,105,285.9,54289.2,24269.7
1,198,543.27,525.58,579.06,0,1,117,220.96,61492.86,35640.54
1,199,543.27,532.65,489.63,0,2,97,298.16,51667.05,22745.53
1,200,543.27,413.65,510.78,1,3,251,275.82,103826.15,34595.33
