data/pricing_data.csv
product_id,day,base_price,price,competitor_price,promo,day_of_week,units_sold,cost_per_unit,revenue,profit
2,1,1148.25,1147.45,1190.95,0,4,69,570.55,79174.05,39806.1
2,2,1148.25,1061.75,1232.04,0,5,86,503.38,91310.5,48019.82
2,3,1148.25,1125.51,1220.58,0,6,82,540.38,92291.82,47980.66
2,4,1148.25,914.87,1097.8,1,0,139,573.36,127166.93,47469.89
2,5,1148.25,1210.91,1237.86,0,1,62,537.51,75076.42,41750.8
2,6,1148.25,1217.87,1101.53,0,2,59,602.35,71854.33,36315.68
2,7,1148.25,1068.66,1126.84,0,3,68,526.39,72668.88,36874.36
2,8,1148.25,1117.6,1247.71,0,4,75,459.95,83820.0,49323.75
2,9,1148.25,1119.17,1219.91,0,5,77,463.3,86176.09,50501.99
2,10,1148.25,1068.2,1277.21,0,6,83,403.55,88660.6,55165.95
2,11,1148.25,1216.79,1222.2,0,0,64,488.28,77874.56,46624.64
2,12,1148.25,1195.84,1196.57,0,1,56,616.87,66967.04,32422.32
2,13,1148.25,1077.15,1060.32,0,2,61,629.86,65706.15,27284.69
2,14,1148.25,1117.64,1138.98,0,3,66,460.01,73764.24,43403.58
2,15,1148.25,1057.72,1109.55,0,4,71,677.19,75098.12,27017.63
2,16,1148.25,1177.69,1103.47,0,5,65,546.11,76549.85,41052.7
2,17,1148.25,1061.3,1312.74,0,6,84,665.12,89149.2,33279.12
2,18,1148.25,1259.84,1146.27,0,0,53,604.77,66771.52,34718.71
2,19,1148.25,1212.71,1289.5,0,1,68,609.27,82464.28,41033.92
2,20,1148.25,1123.04,1214.6,0,2,72,426.3,80858.88,50165.28
2,21,1148.25,1166.29,1261.59,0,3,69,465.04,80474.01,48386.25
2,22,1148.25,1242.71,1177.71,0,4,62,404.42,77048.02,51973.98
2,23,1148.25,943.54,1199.03,1,5,154,607.46,145305.16,51756.32
2,24,1148.25,1073.5,1174.81,0,6,78,500.76,83733.0,44673.72
2,25,1148.25,1120.39,1089.47,0,0,63,627.71,70584.57,31038.84
2,26,1148.25,1227.05,1240.81,0,1,59,499.18,72395.95,42944.33
2,27,1148.25,1181.37,1114.02,0,2,60,637.09,70882.2,32656.8
2,28,1148.25,1182.86,1040.41,0,3,58,439.41,68605.88,43120.1
2,29,1148.25,1232.49,1218.72,0,4,64,451.66,78879.36,49973.12
2,30,1148.25,1238.73,1084.27,0,5,63,499.74,78039.99,46556.37
2,31,1148.25,1244.66,1303.4,0,6,71,519.15,88370.86,51511.21
2,32,1148.25,1055.21,1307.26,0,0,85,501.99,89692.85,47023.7
2,33,1148.25,1158.38,1296.05,0,1,71,621.1,82244.98,38146.88
2,34,1148.25,965.49,1139.68,1,2,135,429.72,130341.15,72328.95
2,35,1148.25,1207.25,1037.86,0,3,53,502.71,63984.25,37340.62
2,36,1148.25,1172.76,1299.91,0,4,73,642.23,85611.48,38728.69
2,37,1148.25,1071.73,1156.34,0,5,84,421.06,90025.32,54656.28
2,38,1148.25,1216.55,1310.92,0,6,74,672.4,90024.7,40267.1
2,39,1148.25,1198.8,1310.04,0,0,70,685.02,83916.0,35964.6
2,40,1148.25,1053.21,1278.29,0,1,83,427.31,87416.43,51949.7
2,41,1148.25,1139.94,1117.95,0,2,63,485.5,71816.22,41229.72
2,42,1148.25,875.43,1143.97,1,3,142,508.79,124311.06,52062.88
2,43,1148.25,1110.93,1277.75,0,4,81,624.76,89985.33,39379.77
2,44,1148.25,1037.58,1124.4,0,5,79,572.96,81968.82,36704.98
2,45,1148.25,1125.36,1082.08,0,6,70,586.86,78775.2,37695.0
2,46,1148.25,1159.7,1193.26,0,0,70,619.34,81179.0,37825.2
2,47,1148.25,1175.71,1302.16,0,1,68,435.75,79948.28,50317.28
2,48,1148.25,1185.8,1233.23,0,2,63,641.07,74705.4,34317.99
2,49,1148.25,1225.48,1197.07,0,3,62,604.44,75979.76,38504.48
2,50,1148.25,1082.91,1061.32,0,4,60,567.62,64974.6,30917.4
2,51,1148.25,1061.09,1209.97,0,5,82,657.3,87009.38,33110.78
2,52,1148.25,1228.98,1317.63,0,6,74,602.92,90944.52,46328.44
2,53,1148.25,1069.39,1073.64,0,0,67,459.79,71649.13,40843.2
2,54,1148.25,1257.28,1182.22,0,1,53,525.25,66635.84,38797.59
2,55,1148.25,1226.91,1285.29,0,2,70,543.71,85883.7,47824.0
2,56,1148.25,1148.45,1246.07,0,3,70,417.74,80391.5,51149.7
2,57,1148.25,1258.81,1233.51,0,4,65,675.93,81822.65,37887.2
2,58,1148.25,1055.79,1235.08,0,5,84,438.8,88686.36,51827.16
2,59,1148.25,1103.02,1136.62,0,6,72,602.1,79417.44,36066.24
2,60,1148.25,1179.99,1117.7,0,0,61,547.21,71979.39,38599.58
2,61,1148.25,1113.8,1265.76,0,1,73,409.25,81307.4,51432.15
2,62,1148.25,1246.63,1265.98,0,2,60,667.35,74797.8,34756.8
2,63,1148.25,1048.5,1282.33,0,3,85,646.42,89122.5,34176.8
2,64,1148.25,1159.6,1295.58,0,4,69,552.38,80012.4,41898.18
2,65,1148.25,999.39,1180.21,1,5,135,467.61,134917.65,71790.3
2,66,1148.25,1183.32,1177.39,0,6,74,436.8,87565.68,55242.48
2,67,1148.25,1092.14,1262.59,0,0,74,506.2,80818.36,43359.56
2,68,1148.25,1117.15,1220.01,0,1,69,475.21,77083.35,44293.86
2,69,1148.25,1227.18,1234.93,0,2,58,547.34,71176.44,39430.72
2,70,1148.25,1078.19,1261.87,0,3,82,679.31,88411.58,32708.16
2,71,1148.25,1223.32,1288.91,0,4,62,566.94,75845.84,40695.56
2,72,1148.25,1162.64,1130.45,0,5,69,657.35,80222.16,34865.01
2,73,1148.25,1208.46,1141.24,0,6,68,588.73,82175.28,42141.64
2,74,1148.25,1197.3,1060.4,0,0,57,538.31,68246.1,37562.43
2,75,1148.25,1081.08,1199.43,0,1,73,647.21,78918.84,31672.51
2,76,1148.25,1164.05,1043.74,0,2,52,537.2,60530.6,32596.2
2,77,1148.25,1061.42,1167.08,1,3,115,651.24,122063.3,47170.7
2,78,1148.25,1132.66,1189.2,0,4,69,485.59,78153.54,44647.83
2,79,1148.25,1255.4,1115.68,0,5,57,438.86,71557.8,46542.78
2,80,1148.25,1137.28,1203.03,0,6,76,647.42,86433.28,37229.36
2,81,1148.25,1066.22,1042.18,0,0,68,570.51,72502.96,33708.28
2,82,1148.25,1122.86,1044.15,0,1,63,657.11,70740.18,29342.25
2,83,1148.25,1251.98,1269.56,0,2,59,671.1,73866.82,34271.92
2,84,1148.25,1106.85,1136.82,0,3,74,417.28,81906.9,51028.18
2,85,1148.25,1232.78,1069.9,0,4,55,545.7,67802.9,37789.4
2,86,1148.25,1235.8,1183.34,0,5,66,509.53,81562.8,47933.82
2,87,1148.25,1113.85,1254.46,0,6,84,581.55,93563.4,44713.2
2,88,1148.25,1052.55,1095.38,0,0,77,629.7,81046.35,32559.45
2,89,1148.25,1199.82,1212.23,0,1,60,482.43,71989.2,43043.4
2,90,1148.25,1104.96,1057.93,0,2,62,561.72,68507.52,33680.88
2,91,1148.25,1213.22,1048.26,0,3,46,605.34,55808.12,27962.48
2,92,1148.25,1135.08,1185.96,0,4,69,440.48,78320.52,47927.4
2,93,1148.25,1144.87,1188.62,0,5,75,635.58,85865.25,38196.75
2,94,1148.25,1212.07,1216.41,0,6,70,575.88,84844.9,44533.3
2,95,1148.25,1051.44,1241.86,1,0,123,674.46,129327.12,46368.54
2,96,1148.25,1135.19,1313.56,0,1,68,499.35,77192.92,43237.12
2,97,1148.25,1119.82,1181.64,0,2,70,432.93,78387.4,48082.3
2,98,1148.25,1117.78,1126.13,0,3,71,547.29,79362.38,40504.79
2,99,1148.25,1154.21,1261.69,0,4,68,426.52,78486.28,49482.92
2,100,1148.25,1219.17,1111.17,0,5,64,680.2,78026.88,34494.08
2,101,1148.25,1116.51,1159.44,0,6,70,412.99,78155.7,49246.4
2,102,1148.25,1153.82,1055.95,0,0,60,618.19,69229.2,32137.8
2,103,1148.25,1187.46,1040.7,0,1,54,552.62,64122.84,34281.36
2,104,1148.25,1095.3,1309.77,0,2,75,507.7,82147.5,44070.0
2,105,1148.25,1084.16,1273.4,1,3,120,420.79,130099.2,79604.4
2,106,1148.25,1247.78,1233.21,0,4,60,580.49,74866.8,40037.4
2,107,1148.25,1199.58,1150.82,0,5,68,569.88,81571.44,42819.6
2,108,1148.25,1165.98,1083.17,0,6,61,482.52,71124.78,41691.06
2,109,1148.25,1182.17,1078.33,0,0,57,663.18,67383.69,29582.43
2,110,1148.25,1040.15,1105.26,0,1,72,489.19,74890.8,39669.12
2,111,1148.25,994.53,1191.09,1,2,126,530.99,125310.78,58406.04
2,112,1148.25,1150.43,1238.56,0,3,75,557.98,86282.25,44433.75
2,113,1148.25,1158.76,1222.94,0,4,65,430.66,75319.4,47326.5
2,114,1148.25,1115.97,1113.78,0,5,70,669.48,78117.9,31254.3
2,115,1148.25,1052.14,1307.53,0,6,86,509.4,90484.04,46675.64
2,116,1148.25,1079.48,1245.25,1,0,127,425.08,137093.96,83108.8
2,117,1148.25,1251.76,1192.56,0,1,61,513.06,76357.36,45060.7
2,118,1148.25,1127.28,1209.03,0,2,67,574.18,75527.76,37057.7
2,119,1148.25,1140.6,1153.88,0,3,69,549.34,78701.4,40796.94
2,120,1148.25,1045.53,1104.54,0,4,72,601.26,75278.16,31987.44
2,121,1148.25,1042.05,1135.61,0,5,82,417.81,85448.1,51187.68
2,122,1148.25,1198.13,1250.97,0,6,72,483.57,86265.36,51448.32
2,123,1148.25,1157.0,1037.56,0,0,55,637.06,63635.0,28596.7
2,124,1148.25,1150.25,1066.75,0,1,61,424.82,70165.25,44251.23
2,125,1148.25,1089.26,1046.63,0,2,62,647.47,67534.12,27390.98
2,126,1148.25,1204.46,1045.12,0,3,59,428.27,71063.14,45795.21
2,127,1148.25,1072.06,1279.0,0,4,74,641.43,79332.44,31866.62
2,128,1148.25,1077.04,1235.42,0,5,88,505.46,94779.52,50299.04
2,129,1148.25,1139.23,1169.54,0,6,73,577.63,83163.79,40996.8
2,130,1148.25,1099.17,1061.51,0,0,65,445.78,71446.05,42470.35
2,131,1148.25,1090.25,1174.55,0,1,74,420.88,80678.5,49533.38
2,132,1148.25,1181.6,1169.34,0,2,61,463.88,72077.6,43780.92
2,133,1148.25,1182.92,1083.14,0,3,61,438.59,72158.12,45404.13
2,134,1148.25,1222.78,1157.97,0,4,51,491.57,62361.78,37291.71
2,135,1148.25,996.22,1147.82,1,5,136,549.55,135485.92,60747.12
2,136,1148.25,1050.21,1210.21,0,6,82,570.9,86117.22,39303.42
2,137,1148.25,1096.27,1215.74,0,0,69,628.63,75642.63,32267.16
2,138,1148.25,1258.48,1046.43,0,1,49,590.27,61665.52,32742.29
2,139,1148.25,1170.36,1140.96,0,2,64,576.64,74903.04,37998.08
2,140,1148.25,1196.42,1213.09,0,3,67,520.09,80160.14,45314.11
2,141,1148.25,1035.11,1177.86,0,4,77,537.9,79703.47,38285.17
2,142,1148.25,998.65,1279.29,1,5,147,520.88,146801.55,70232.19
2,143,1148.25,1042.04,1222.51,0,6,87,643.64,90657.48,34660.8
2,144,1148.25,1164.15,1080.2,0,0,60,467.91,69849.0,41774.4
2,145,1148.25,1244.88,1053.68,0,1,54,403.53,67223.52,45432.9
2,146,1148.25,1255.82,1217.84,0,2,62,588.86,77860.84,41351.52
2,147,1148.25,911.82,1041.04,1,3,131,460.01,119448.42,59187.11
2,148,1148.25,1138.65,1201.58,0,4,66,657.41,75150.9,31761.84
2,149,1148.25,1250.45,1303.33,0,5,69,648.49,86281.05,41535.24
2,150,1148.25,1188.12,1198.62,0,6,69,423.91,81980.28,52730.49
2,151,1148.25,1048.33,1144.85,0,0,73,432.43,76528.09,44960.7
2,152,1148.25,1140.38,1218.09,0,1,70,544.03,79826.6,41744.5
2,153,1148.25,1088.6,1164.97,0,2,73,576.77,79467.8,37363.59
2,154,1148.25,1141.32,1190.05,0,3,68,480.8,77609.76,44915.36
2,155,1148.25,1138.02,1303.68,0,4,73,607.65,83075.46,38717.01
2,156,1148.25,1167.11,1144.26,0,5,70,572.67,81697.7,41610.8
2,157,1148.25,1115.36,1309.35,0,6,81,495.13,90344.16,50238.63
2,158,1148.25,1071.15,1293.32,0,0,76,409.17,81407.4,50310.48
2,159,1148.25,1149.1,1089.63,0,1,56,617.23,64349.6,29784.72
2,160,1148.25,1224.08,1053.34,0,2,51,463.54,62428.08,38787.54
2,161,1148.25,1185.92,1062.35,0,3,58,641.43,68783.36,31580.42
2,162,1148.25,1111.13,1038.66,0,4,59,522.54,65556.67,34726.81
2,163,1148.25,1248.27,1060.54,0,5,56,567.54,69903.12,38120.88
2,164,1148.25,1242.91,1229.49,0,6,69,652.48,85760.79,40739.67
2,165,1148.25,1081.5,1053.86,0,0,67,649.8,72460.5,28923.9
2,166,1148.25,1042.48,1124.99,0,1,70,508.54,72973.6,37375.8
2,167,1148.25,1203.67,1275.96,0,2,70,461.85,84256.9,51927.4
2,168,1148.25,1223.49,1040.11,0,3,55,624.4,67291.95,32949.95
2,169,1148.25,1255.7,1267.23,0,4,59,526.21,74086.3,43039.91
2,170,1148.25,1237.78,1114.33,0,5,59,457.02,73029.02,46064.84
2,171,1148.25,1171.34,1067.35,0,6,67,661.51,78479.78,34158.61
2,172,1148.25,1155.15,1233.43,0,0,68,458.76,78550.2,47354.52
2,173,1148.25,992.98,1213.97,1,1,125,409.3,124122.5,72960.0
2,174,1148.25,1090.07,1285.31,0,2,72,407.71,78485.04,49129.92
2,175,1148.25,1138.98,1244.44,0,3,70,580.53,79728.6,39091.5
2,176,1148.25,1177.76,1264.07,0,4,65,591.83,76554.4,38085.45
2,177,1148.25,1161.4,1114.39,0,5,67,491.18,77813.8,44904.74
2,178,1148.25,1203.97,1084.36,0,6,62,493.75,74646.14,44033.64
2,179,1148.25,1097.67,1248.9,0,0,79,499.34,86715.93,47268.07
2,180,1148.25,1163.17,1265.04,0,1,69,597.14,80258.73,39056.07
2,181,1148.25,1053.67,1317.76,0,2,84,418.58,88508.28,53347.56
2,182,1148.25,1128.42,1151.87,0,3,71,668.6,80117.82,32647.22
2,183,1148.25,1205.7,1140.22,0,4,64,465.76,77164.8,47356.16
2,184,1148.25,1192.66,1256.3,0,5,74,688.86,88256.84,37281.2
2,185,1148.25,1260.93,1131.26,0,6,54,451.13,68090.22,43729.2
2,186,1148.25,1097.24,1300.61,0,0,78,623.37,85584.72,36961.86
2,187,1148.25,1147.83,1279.84,0,1,75,466.02,86087.25,51135.75
2,188,1148.25,1109.1,1156.57,0,2,68,425.1,75418.8,46512.0
2,189,1148.25,1134.61,1248.97,0,3,76,653.05,86230.36,36598.56
2,190,1148.25,1230.22,1250.03,0,4,66,648.4,81194.52,38400.12
2,191,1148.25,1190.55,1063.03,0,5,63,517.74,75004.65,42387.03
2,192,1148.25,1236.08,1292.51,0,6,75,603.52,92706.0,47442.0
2,193,1148.25,1080.16,1178.46,0,0,73,561.8,78851.68,37840.28
2,194,1148.25,1233.99,1270.67,0,1,57,646.74,70337.43,33473.25
2,195,1148.25,1047.15,1125.3,0,2,71,492.33,74347.65,39392.22
2,196,1148.25,1237.49,1290.5,0,3,69,552.21,85386.81,47284.32
2,197,1148.25,1109.0,1145.15,0,4,66,541.22,73194.0,37473.48
2,198,1148.25,1105.67,1036.54,0,5,67,503.48,74079.89,40346.73
2,199,1148.25,948.95,1293.33,1,6,155,657.79,147087.25,45129.8
2,200,1148.25,1249.45,1059.63,0,0,56,449.5,69969.2,44797.2
