data/pricing_data.csv
product_id,day,base_price,price,competitor_price,promo,day_of_week,units_sold,cost_per_unit,revenue,profit
4,1,778.59,836.13,708.38,0,5,33,284.51,27592.29,18203.46
4,2,778.59,819.71,856.33,0,6,48,313.14,39346.08,24315.36
4,3,778.59,739.32,822.95,0,0,50,367.07,36966.0,18612.5
4,4,778.59,706.39,716.65,0,1,47,289.24,33200.33,19606.05
4,5,778.59,716.59,870.77,0,2,57,436.66,40845.63,15956.01
4,6,778.59,814.17,879.98,0,3,45,412.26,36637.65,18085.95
4,7,778.59,731.82,712.62,0,4,48,456.18,35127.36,13230.72
4,8,778.59,758.54,754.62,0,5,46,407.49,34892.84,16148.3
4,9,778.59,778.85,857.66,0,6,49,455.55,38163.65,15841.7
4,10,778.59,813.7,846.38,0,0,38,380.44,30920.6,16463.88
4,11,778.59,718.36,736.65,0,1,46,389.34,33044.56,15134.92
4,12,778.59,764.01,741.48,0,2,45,462.67,34380.45,13560.3
4,13,778.59,776.27,772.84,0,3,46,397.5,35708.42,17423.42
4,14,778.59,691.44,795.04,1,4,89,278.5,61538.16,36751.66
4,15,778.59,828.16,821.07,0,5,38,413.39,31470.08,15761.26
4,16,778.59,690.23,772.54,1,6,96,448.75,66262.08,23182.08
4,17,778.59,826.52,790.76,0,0,32,427.36,26448.64,12773.12
4,18,778.59,808.62,846.22,0,1,45,386.15,36387.9,19011.15
4,19,778.59,787.29,707.87,0,2,36,403.17,28342.44,13828.32
4,20,778.59,809.66,749.87,0,3,39,465.24,31576.74,13432.38
4,21,778.59,764.89,839.58,0,4,43,290.15,32890.27,20413.82
4,22,778.59,722.28,874.98,0,5,62,402.38,44781.36,19833.8
4,23,778.59,804.4,800.33,0,6,40,327.67,32176.0,19069.2
4,24,778.59,782.43,804.31,0,0,41,397.1,32079.63,15798.53
4,25,778.59,800.29,721.59,0,1,34,390.78,27209.86,13923.34
4,26,778.59,753.36,787.82,0,2,40,302.38,30134.4,18039.2
4,27,778.59,635.15,804.4,1,3,100,312.75,63515.0,32240.0
4,28,778.59,792.2,747.93,0,4,44,393.51,34856.8,17542.36
4,29,778.59,701.02,753.14,1,5,96,297.47,67297.92,38740.8
4,30,778.59,770.77,774.17,0,6,47,324.12,36226.19,20992.55
4,31,778.59,818.51,704.64,0,0,37,435.08,30284.87,14186.91
4,32,778.59,824.39,763.42,0,1,37,336.17,30502.43,18064.14
4,33,778.59,777.75,741.89,0,2,42,367.51,32665.5,17230.08
4,34,778.59,840.06,764.48,0,3,34,455.7,28562.04,13068.24
4,35,778.59,742.41,724.04,0,4,44,316.72,32666.04,18730.36
4,36,778.59,764.67,874.07,0,5,55,348.35,42056.85,22897.6
4,37,778.59,689.48,816.27,1,6,95,390.55,65500.6,28398.35
4,38,778.59,840.29,832.92,0,0,38,419.53,31931.02,15988.88
4,39,778.59,807.51,854.34,0,1,43,448.01,34722.93,15458.5
4,40,778.59,834.49,797.75,0,2,40,450.7,33379.6,15351.6
4,41,778.59,714.55,717.65,0,3,43,423.68,30725.65,12507.41
4,42,778.59,835.43,805.28,0,4,38,316.95,31746.34,19702.24
4,43,778.59,750.66,814.96,0,5,58,277.34,43538.28,27452.56
4,44,778.59,728.5,845.83,0,6,60,347.21,43710.0,22877.4
4,45,778.59,738.01,784.75,0,0,51,300.06,37638.51,22335.45
4,46,778.59,765.82,725.56,0,1,41,410.78,31398.62,14556.64
4,47,778.59,739.85,755.97,0,2,46,401.19,34033.1,15578.36
4,48,778.59,750.65,771.4,0,3,48,281.07,36031.2,22539.84
4,49,778.59,721.75,826.46,0,4,56,435.35,40418.0,16038.4
4,50,778.59,746.85,811.83,0,5,46,320.92,34355.1,19592.78
4,51,778.59,789.85,770.04,0,6,41,356.64,32383.85,17761.61
4,52,778.59,769.54,892.75,0,0,52,402.52,40016.08,19085.04
4,53,778.59,754.72,818.64,0,1,46,356.09,34717.12,18336.98
4,54,778.59,816.97,746.91,0,2,34,358.4,27776.98,15591.38
4,55,778.59,839.87,720.54,0,3,29,285.28,24356.23,16083.11
4,56,778.59,818.58,730.48,0,4,34,350.65,27831.72,15909.62
4,57,778.59,752.43,748.61,0,5,44,421.38,33106.92,14566.2
4,58,778.59,816.65,732.01,0,6,45,450.64,36749.25,16470.45
4,59,778.59,724.4,737.05,0,0,46,352.99,33322.4,17084.86
4,60,778.59,721.02,756.22,0,1,47,354.96,33887.94,17204.82
4,61,778.59,754.55,734.48,0,2,44,409.27,33200.2,15192.32
4,62,778.59,826.5,875.28,0,3,45,456.01,37192.5,16672.05
4,63,778.59,739.09,716.35,0,4,46,324.49,33998.14,19071.6
4,64,778.59,710.58,802.83,0,5,60,358.18,42634.8,21144.0
4,65,778.59,721.24,780.61,0,6,52,427.44,37504.48,15277.6
4,66,778.59,834.45,891.95,0,0,41,391.18,34212.45,18174.07
4,67,778.59,799.42,722.54,0,1,39,294.03,31177.38,19710.21
4,68,778.59,740.16,778.17,0,2,45,394.69,33307.2,15546.15
4,69,778.59,787.2,889.44,0,3,46,308.86,36211.2,22003.64
4,70,778.59,782.88,869.2,0,4,47,371.82,36795.36,19319.82
4,71,778.59,802.79,859.77,0,5,50,375.5,40139.5,21364.5
4,72,778.59,737.04,750.93,0,6,45,443.06,33166.8,13229.1
4,73,778.59,835.33,733.99,0,0,36,362.53,30071.88,17020.8
4,74,778.59,748.91,830.88,0,1,47,326.9,35198.77,19834.47
4,75,778.59,808.82,881.63,0,2,46,317.46,37205.72,22602.56
4,76,778.59,703.24,809.1,0,3,55,442.68,38678.2,14330.8
4,77,778.59,758.76,811.99,0,4,51,305.79,38696.76,23101.47
4,78,778.59,755.5,755.23,0,5,52,355.4,39286.0,20805.2
4,79,778.59,785.36,850.51,0,6,53,308.94,41624.08,25250.26
4,80,778.59,712.06,737.14,0,0,52,423.03,37027.12,15029.56
4,81,778.59,823.77,763.73,0,1,38,364.84,31303.26,17439.34
4,82,778.59,734.64,783.54,0,2,48,340.86,35262.72,18901.44
4,83,778.59,806.16,799.54,0,3,43,342.79,34664.88,19924.91
4,84,778.59,825.81,747.92,0,4,38,438.39,31380.78,14721.96
4,85,778.59,652.56,723.08,1,5,96,380.3,62645.76,26136.96
4,86,778.59,816.1,819.59,0,6,46,412.24,37540.6,18577.56
4,87,778.59,803.79,756.91,0,0,38,447.11,30544.02,13553.84
4,88,778.59,756.09,813.87,0,1,44,448.03,33267.96,13554.64
4,89,778.59,826.68,730.78,0,2,38,336.45,31413.84,18628.74
4,90,778.59,746.62,794.38,0,3,47,457.9,35091.14,13569.84
4,91,778.59,789.68,804.4,0,4,48,277.35,37904.64,24591.84
4,92,778.59,595.37,710.82,1,5,108,345.86,64299.96,26947.08
4,93,778.59,759.74,766.25,0,6,46,446.87,34948.04,14392.02
4,94,778.59,747.88,726.89,0,0,43,325.96,32158.84,18142.56
4,95,778.59,772.26,713.07,0,1,42,325.66,32434.92,18757.2
4,96,778.59,828.1,893.42,0,2,44,331.41,36436.4,21854.36
4,97,778.59,845.54,763.48,0,3,36,391.69,30439.44,16338.6
4,98,778.59,785.61,858.37,0,4,42,357.83,32995.62,17966.76
4,99,778.59,803.73,750.3,0,5,38,413.96,30541.74,14811.26
4,100,778.59,841.39,833.38,0,6,43,446.7,36179.77,16971.67
4,101,778.59,716.08,848.71,0,0,49,403.74,35087.92,15304.66
4,102,778.59,736.87,816.67,0,1,47,312.31,34632.89,19954.32
4,103,778.59,811.12,792.52,0,2,41,454.05,33255.92,14639.87
4,104,778.59,829.0,780.89,0,3,34,323.99,28186.0,17170.34
4,105,778.59,834.19,768.64,0,4,41,301.68,34201.79,21832.91
4,106,778.59,765.37,881.66,0,5,57,290.02,43626.09,27094.95
4,107,778.59,714.64,862.41,0,6,54,382.17,38590.56,17953.38
4,108,778.59,739.0,888.57,1,0,80,294.65,59120.0,35548.0
4,109,778.59,736.66,724.93,0,1,37,299.52,27256.42,16174.18
4,110,778.59,746.08,842.99,0,2,47,330.91,35065.76,19512.99
4,111,778.59,820.99,883.38,0,3,45,327.33,36944.55,22214.7
4,112,778.59,712.49,736.01,0,4,46,390.12,32774.54,14829.02
4,113,778.59,829.6,713.67,0,5,38,431.48,31524.8,15128.56
4,114,778.59,767.33,844.99,0,6,47,420.7,36064.51,16291.61
4,115,778.59,793.55,812.55,0,0,45,323.6,35709.75,21147.75
4,116,778.59,714.69,864.59,0,1,52,320.26,37163.88,20510.36
4,117,778.59,753.26,727.94,0,2,42,460.5,31636.92,12295.92
4,118,778.59,714.7,855.53,0,3,53,274.11,37879.1,23351.27
4,119,778.59,850.46,739.98,0,4,29,443.74,24663.34,11794.88
4,120,778.59,826.44,732.59,0,5,35,311.38,28925.4,18027.1
4,121,778.59,772.3,732.7,0,6,47,456.89,36298.1,14824.27
4,122,778.59,735.55,859.29,0,0,52,339.14,38248.6,20613.32
4,123,778.59,846.09,830.21,0,1,41,358.22,34689.69,20002.67
4,124,778.59,728.57,802.54,1,2,80,410.15,58285.6,25473.6
4,125,778.59,650.98,770.58,1,3,94,386.89,61192.12,24824.46
4,126,778.59,788.43,871.48,0,4,40,334.39,31537.2,18161.6
4,127,778.59,663.73,777.12,1,5,99,380.31,65709.27,28058.58
4,128,778.59,701.33,859.68,0,6,61,414.74,42781.13,17481.99
4,129,778.59,642.31,786.21,1,0,103,280.75,66157.93,37240.68
4,130,778.59,846.86,774.1,0,1,37,274.69,31333.82,21170.29
4,131,778.59,727.37,790.79,0,2,53,361.67,38550.61,19382.1
4,132,778.59,718.37,759.39,0,3,50,298.17,35918.5,21010.0
4,133,778.59,789.52,846.25,0,4,42,401.82,33159.84,16283.4
4,134,778.59,834.94,798.58,0,5,42,314.17,35067.48,21872.34
4,135,778.59,775.03,745.93,0,6,45,356.76,34876.35,18822.15
4,136,778.59,855.6,875.83,0,0,36,310.98,30801.6,19606.32
4,137,778.59,806.49,775.45,0,1,38,379.27,30646.62,16234.36
4,138,778.59,712.27,806.53,0,2,51,295.1,36325.77,21275.67
4,139,778.59,855.33,877.17,0,3,44,277.0,37634.52,25446.52
4,140,778.59,764.25,822.24,0,4,40,282.46,30570.0,19271.6
4,141,778.59,745.48,723.48,0,5,51,458.25,38019.48,14648.73
4,142,778.59,787.6,883.67,0,6,48,300.2,37804.8,23395.2
4,143,778.59,748.12,822.91,0,0,44,410.41,32917.28,14859.24
4,144,778.59,714.19,765.92,0,1,53,285.73,37852.07,22708.38
4,145,778.59,718.09,727.84,1,2,76,293.56,54574.84,32264.28
4,146,778.59,770.74,855.29,0,3,51,371.56,39307.74,20358.18
4,147,778.59,831.05,821.43,0,4,41,362.99,34073.05,19190.46
4,148,778.59,789.85,804.57,0,5,53,457.73,41862.05,17602.36
4,149,778.59,856.33,874.72,0,6,45,456.42,38534.85,17995.95
4,150,778.59,745.4,854.23,0,0,49,424.26,36524.6,15735.86
4,151,778.59,744.4,730.25,0,1,44,389.7,32753.6,15606.8
4,152,778.59,725.61,761.41,0,2,51,361.06,37006.11,18592.05
4,153,778.59,726.28,749.1,0,3,44,341.84,31956.32,16915.36
4,154,778.59,745.14,845.54,0,4,47,456.85,35021.58,13549.63
4,155,778.59,824.19,707.26,0,5,36,389.86,29670.84,15635.88
4,156,778.59,738.44,811.66,1,6,79,385.22,58336.76,27904.38
4,157,778.59,852.57,849.14,0,0,39,317.65,33250.23,20861.88
4,158,778.59,736.9,871.39,0,1,46,281.6,33897.4,20943.8
4,159,778.59,837.96,767.32,0,2,36,456.49,30166.56,13732.92
4,160,778.59,751.85,860.59,0,3,52,333.57,39096.2,21750.56
4,161,778.59,718.3,722.27,0,4,45,358.66,32323.5,16183.8
4,162,778.59,836.21,865.49,0,5,50,294.82,41810.5,27069.5
4,163,778.59,799.78,725.55,0,6,36,435.41,28792.08,13117.32
4,164,778.59,726.38,778.06,0,0,52,277.88,37771.76,23322.0
4,165,778.59,767.66,855.92,0,1,49,434.84,37615.34,16308.18
4,166,778.59,745.46,729.91,0,2,38,299.81,28327.48,16934.7
4,167,778.59,815.46,745.35,0,3,45,445.07,36695.7,16667.55
4,168,778.59,771.34,841.32,0,4,46,414.55,35481.64,16412.34
4,169,778.59,854.78,840.88,0,5,39,304.56,33336.42,21458.58
4,170,778.59,709.26,825.53,0,6,54,382.64,38300.04,17637.48
4,171,778.59,756.01,835.81,0,0,47,333.36,35532.47,19864.55
4,172,778.59,775.77,806.37,0,1,44,307.2,34133.88,20617.08
4,173,778.59,670.45,749.74,1,2,87,439.74,58329.15,20071.77
4,174,778.59,749.93,768.02,0,3,44,351.05,32996.92,17550.72
4,175,778.59,814.29,736.08,0,4,38,350.08,30943.02,17639.98
4,176,778.59,836.94,877.56,0,5,44,305.57,36825.36,23380.28
4,177,778.59,720.34,814.29,1,6,84,347.07,60508.56,31354.68
4,178,778.59,826.1,778.76,0,0,37,442.16,30565.7,14205.78
4,179,778.59,660.7,790.66,1,1,85,343.19,56159.5,26988.35
4,180,778.59,635.35,885.12,1,2,107,457.73,67982.45,19005.34
4,181,778.59,829.34,730.58,0,3,31,456.7,25709.54,11551.84
4,182,778.59,732.4,814.84,1,4,79,300.71,57859.6,34103.51
4,183,778.59,762.78,799.2,0,5,53,307.02,40427.34,24155.28
4,184,778.59,750.08,819.75,0,6,49,440.42,36753.92,15173.34
4,185,778.59,773.51,704.26,0,0,41,348.96,31713.91,17406.55
4,186,778.59,745.2,870.49,0,1,49,273.36,36514.8,23120.16
4,187,778.59,850.47,882.17,0,2,45,325.81,38271.15,23609.7
4,188,778.59,749.45,810.73,0,3,46,388.83,34474.7,16588.52
4,189,778.59,603.02,836.33,1,4,109,428.08,65729.18,19068.46
4,190,778.59,782.77,880.29,0,5,53,298.47,41486.81,25667.9
4,191,778.59,709.62,838.39,0,6,57,294.02,40448.34,23689.2
4,192,778.59,594.93,730.42,1,0,102,451.99,60682.86,14579.88
4,193,778.59,725.56,812.9,1,1,79,418.72,57319.24,24240.36
4,194,778.59,613.55,818.83,1,2,107,387.31,65649.85,24207.68
4,195,778.59,768.2,783.29,0,3,48,422.23,36873.6,16606.56
4,196,778.59,668.75,844.08,1,4,89,355.98,59518.75,27836.53
4,197,778.59,815.88,882.6,0,5,48,420.14,39162.24,18995.52
4,198,778.59,767.12,880.89,0,6,55,344.88,42191.6,23223.2
4,199,778.59,752.69,788.49,0,0,46,320.02,34623.74,19902.82
4,200,778.59,750.01,722.77,0,1,46,414.41,34500.46,15437.6
