data/pricing_data.csv
product_id,day,base_price,price,competitor_price,promo,day_of_week,units_sold,cost_per_unit,revenue,profit
6,1,313.79,298.13,299.76,0,6,122,110.13,36371.86,22936.0
6,2,313.79,332.99,359.89,0,0,101,148.69,33631.99,18614.3
6,3,313.79,299.96,356.47,0,1,125,117.69,37495.0,22783.75
6,4,313.79,294.43,285.5,0,2,105,169.01,30915.15,13169.1
6,5,313.79,314.06,337.76,0,3,105,131.48,32976.3,19170.9
6,6,313.79,336.74,354.99,0,4,96,144.63,32327.04,18442.56
6,7,313.79,297.56,296.58,0,5,112,116.65,33326.72,20261.92
6,8,313.79,287.34,326.96,0,6,126,132.31,36204.84,19533.78
6,9,313.79,304.78,354.23,0,0,114,171.13,34744.92,15236.1
6,10,313.79,329.33,285.07,0,1,82,121.72,27005.06,17024.02
6,11,313.79,316.97,337.12,0,2,100,160.59,31697.0,15638.0
6,12,313.79,333.67,305.74,0,3,84,181.8,28028.28,12757.08
6,13,313.79,342.63,354.93,0,4,95,163.16,32549.85,17049.65
6,14,313.79,332.16,358.59,0,5,106,173.45,35208.96,16823.26
6,15,313.79,320.3,356.49,0,6,114,118.38,36514.2,23018.88
6,16,313.79,313.37,319.61,0,0,96,129.5,30083.52,17651.52
6,17,313.79,251.59,350.04,1,1,247,180.0,62142.73,17682.73
6,18,313.79,344.19,348.66,0,2,86,165.92,29600.34,15331.22
6,19,313.79,306.48,307.44,0,3,97,160.0,29728.56,14208.56
6,20,313.79,291.96,347.44,0,4,126,161.9,36786.96,16387.56
6,21,313.79,324.25,285.31,0,5,87,142.32,28209.75,15827.91
6,22,313.79,300.25,329.19,0,6,122,113.32,36630.5,22805.46
6,23,313.79,319.17,300.45,0,0,88,171.36,28086.96,13007.28
6,24,313.79,319.24,291.87,0,1,90,163.07,28731.6,14055.3
6,25,313.79,310.38,288.45,0,2,95,146.92,29486.1,15528.7
6,26,313.79,334.88,337.03,0,3,94,180.41,31478.72,14520.18
6,27,313.79,299.04,309.07,0,4,106,136.2,31698.24,17261.04
6,28,313.79,296.21,339.27,1,5,204,132.92,60426.84,33311.16
6,29,313.79,316.16,287.54,0,6,92,178.3,29086.72,12683.12
6,30,313.79,324.06,307.14,0,0,95,172.35,30785.7,14412.45
6,31,313.79,331.61,324.73,0,1,88,150.23,29181.68,15961.44
6,32,313.79,272.48,344.44,1,2,219,120.08,59673.12,33375.6
6,33,313.79,322.96,307.42,0,3,93,126.7,30035.28,18252.18
6,34,313.79,291.86,331.51,0,4,115,161.31,33563.9,15013.25
6,35,313.79,340.94,351.91,0,5,105,140.03,35798.7,21095.55
6,36,313.79,306.45,330.72,0,6,120,175.45,36774.0,15720.0
6,37,313.79,328.19,300.69,0,0,90,184.35,29537.1,12945.6
6,38,313.79,283.69,284.33,0,1,107,173.03,30354.83,11840.62
6,39,313.79,295.29,350.67,0,2,116,139.44,34253.64,18078.6
6,40,313.79,312.98,284.08,0,3,86,171.7,26916.28,12150.08
6,41,313.79,337.53,351.03,0,4,94,137.4,31727.82,18812.22
6,42,313.79,315.5,323.9,0,5,109,122.94,34389.5,20989.04
6,43,313.79,340.77,356.08,0,6,101,112.45,34417.77,23060.32
6,44,313.79,312.77,345.07,0,0,101,140.09,31589.77,17440.68
6,45,313.79,313.19,360.7,0,1,112,180.71,35077.28,14837.76
6,46,313.79,276.66,309.92,1,2,202,128.57,55885.32,29914.18
6,47,313.79,332.78,342.6,0,3,96,126.03,31946.88,19848.0
6,48,313.79,297.91,313.94,0,4,110,185.91,32770.1,12320.0
6,49,313.79,338.87,320.06,0,5,95,111.79,32192.65,21572.6
6,50,313.79,257.12,331.64,1,6,258,171.47,66336.96,22097.7
6,51,313.79,341.61,350.95,0,0,94,135.04,32111.34,19417.58
6,52,313.79,315.06,359.61,0,1,110,112.77,34656.6,22251.9
6,53,313.79,324.9,342.68,0,2,98,181.83,31840.2,14020.86
6,54,313.79,331.27,315.18,0,3,85,120.78,28157.95,17891.65
6,55,313.79,290.63,315.47,0,4,113,153.11,32841.19,15539.76
6,56,313.79,320.13,340.27,0,5,112,131.33,35854.56,21145.6
6,57,313.79,284.56,301.14,0,6,124,114.94,35285.44,21032.88
6,58,313.79,256.45,291.08,1,0,214,113.74,54880.3,30539.94
6,59,313.79,292.13,310.23,0,1,112,118.89,32718.56,19402.88
6,60,313.79,293.89,304.94,0,2,110,115.43,32327.9,19630.6
6,61,313.79,305.32,305.66,0,3,104,169.49,31753.28,14126.32
6,62,313.79,309.55,300.74,0,4,96,147.92,29716.8,15516.48
6,63,313.79,321.52,285.71,0,5,87,136.73,27972.24,16076.73
6,64,313.79,287.08,283.81,0,6,115,142.65,33014.2,16609.45
6,65,313.79,314.02,359.9,0,0,110,182.7,34542.2,14445.2
6,66,313.79,293.87,315.97,0,1,106,181.27,31150.22,11935.6
6,67,313.79,273.89,312.56,1,2,205,165.97,56147.45,22123.6
6,68,313.79,322.41,335.73,0,3,99,179.23,31918.59,14174.82
6,69,313.79,317.35,299.53,0,4,92,134.9,29196.2,16785.4
6,70,313.79,262.28,356.93,1,5,264,139.72,69241.92,32355.84
6,71,313.79,303.47,344.1,0,6,122,157.97,37023.34,17751.0
6,72,313.79,330.43,289.43,0,0,81,158.75,26764.83,13906.08
6,73,313.79,309.57,315.17,0,1,100,147.61,30957.0,16196.0
6,74,313.79,312.8,351.38,0,2,108,141.26,33782.4,18526.32
6,75,313.79,323.08,356.52,0,3,101,187.19,32631.08,13724.89
6,76,313.79,283.56,319.08,0,4,125,174.24,35445.0,13665.0
6,77,313.79,323.45,330.53,0,5,105,143.95,33962.25,18847.5
6,78,313.79,321.23,295.51,0,6,97,166.88,31159.31,14971.95
6,79,313.79,301.86,360.17,0,0,112,130.97,33808.32,19139.68
6,80,313.79,287.8,300.59,0,1,114,117.68,32809.2,19393.68
6,81,313.79,288.12,356.37,0,2,129,137.47,37167.48,19433.85
6,82,313.79,238.65,333.37,1,3,264,141.44,63003.6,25663.44
6,83,313.79,325.67,330.09,0,4,94,111.12,30612.98,20167.7
6,84,313.79,290.39,322.63,0,5,128,173.74,37169.92,14931.2
6,85,313.79,304.8,300.51,0,6,115,138.0,35052.0,19182.0
6,86,313.79,319.59,296.26,0,0,83,155.36,26525.97,13631.09
6,87,313.79,288.31,299.71,1,1,178,115.63,51319.18,30737.04
6,88,313.79,285.15,297.04,0,2,109,123.55,31081.35,17614.4
6,89,313.79,297.26,343.57,0,3,116,179.62,34482.16,13646.24
6,90,313.79,338.25,309.88,0,4,81,157.58,27398.25,14634.27
6,91,313.79,282.99,286.95,0,5,119,184.37,33675.81,11735.78
6,92,313.79,295.05,358.43,0,6,134,188.18,39536.7,14320.58
6,93,313.79,271.17,351.74,1,0,218,139.0,59115.06,28813.06
6,94,313.79,320.91,355.19,0,1,107,133.27,34337.37,20077.48
6,95,313.79,298.83,360.46,0,2,114,177.16,34066.62,13870.38
6,96,313.79,286.62,296.05,0,3,112,188.17,32101.44,11026.4
6,97,313.79,284.18,313.5,0,4,117,159.22,33249.06,14620.32
6,98,313.79,297.77,341.89,0,5,124,172.2,36923.48,15570.68
6,99,313.79,337.73,337.01,0,6,100,171.15,33773.0,16658.0
6,100,313.79,308.51,294.48,0,0,90,137.7,27765.9,15372.9
6,101,313.79,327.62,346.41,0,1,98,154.88,32106.76,16928.52
6,102,313.79,340.04,300.02,0,2,73,175.18,24822.92,12034.78
6,103,313.79,308.02,299.97,0,3,98,163.81,30185.96,14132.58
6,104,313.79,294.42,324.54,0,4,111,111.49,32680.62,20305.23
6,105,313.79,314.86,328.93,0,5,110,136.24,34634.6,19648.2
6,106,313.79,339.4,327.92,0,6,96,121.16,32582.4,20951.04
6,107,313.79,332.89,289.59,0,0,76,128.1,25299.64,15564.04
6,108,313.79,286.54,351.25,0,1,126,180.86,36104.04,13315.68
6,109,313.79,325.88,303.25,0,2,82,112.72,26722.16,17479.12
6,110,313.79,318.3,292.57,0,3,89,127.07,28328.7,17019.47
6,111,313.79,339.36,352.13,0,4,98,134.11,33257.28,20114.5
6,112,313.79,290.1,357.38,0,5,146,158.22,42354.6,19254.48
6,113,313.79,315.93,350.04,0,6,117,151.73,36963.81,19211.4
6,114,313.79,337.6,345.92,0,0,95,126.95,32072.0,20011.75
6,115,313.79,308.14,333.81,0,1,101,122.71,31122.14,18728.43
6,116,313.79,312.66,325.62,0,2,106,128.4,33141.96,19531.56
6,117,313.79,286.83,289.23,0,3,110,149.25,31551.3,15133.8
6,118,313.79,299.87,314.45,0,4,105,131.1,31486.35,17720.85
6,119,313.79,256.89,311.65,1,5,250,184.16,64222.5,18182.5
6,120,313.79,341.72,302.79,0,6,85,146.22,29046.2,16617.5
6,121,313.79,300.15,339.16,0,0,112,114.44,33616.8,20799.52
6,122,313.79,311.33,321.31,0,1,102,167.04,31755.66,14717.58
6,123,313.79,241.59,288.77,1,2,233,135.62,56290.47,24691.01
6,124,313.79,292.59,299.68,0,3,110,161.09,32184.9,14465.0
6,125,313.79,312.94,336.01,0,4,101,131.76,31606.94,18299.18
6,126,313.79,328.76,288.38,0,5,85,154.6,27944.6,14803.6
6,127,313.79,336.81,349.19,0,6,100,170.4,33681.0,16641.0
6,128,313.79,321.71,321.25,0,0,97,182.63,31205.87,13490.76
6,129,313.79,324.4,320.11,0,1,91,130.31,29520.4,17662.19
6,130,313.79,290.34,328.88,0,2,113,136.1,32808.42,17429.12
6,131,313.79,341.77,347.11,0,3,89,146.25,30417.53,17401.28
6,132,313.79,243.26,309.7,1,4,244,182.56,59355.44,14810.8
6,133,313.79,331.03,335.6,0,5,99,180.54,32771.97,14898.51
6,134,313.79,299.03,326.79,0,6,118,116.88,35285.54,21493.7
6,135,313.79,341.0,303.36,0,0,85,120.18,28985.0,18769.7
6,136,313.79,327.59,351.34,0,1,97,148.7,31776.23,17352.33
6,137,313.79,329.72,344.97,0,2,96,118.19,31653.12,20306.88
6,138,313.79,296.16,334.06,0,3,114,136.94,33762.24,18151.08
6,139,313.79,310.22,349.14,0,4,108,121.47,33503.76,20385.0
6,140,313.79,321.18,350.45,0,5,115,159.72,36935.7,18567.9
6,141,313.79,330.73,337.98,0,6,106,184.31,35057.38,15520.52
6,142,313.79,288.94,348.07,0,0,123,188.02,35539.62,12413.16
6,143,313.79,342.81,337.13,0,1,84,139.26,28796.04,17098.2
6,144,313.79,338.28,335.77,0,2,93,156.82,31460.04,16875.78
6,145,313.79,299.38,330.94,0,3,111,177.0,33231.18,13584.18
6,146,313.79,334.05,341.46,0,4,98,119.04,32736.9,21070.98
6,147,313.79,246.89,294.85,1,5,247,163.92,60981.83,20493.59
6,148,313.79,311.39,351.51,0,6,121,141.9,37678.19,20508.29
6,149,313.79,302.14,350.8,0,0,121,126.0,36558.94,21312.94
6,150,313.79,318.87,284.71,0,1,83,141.42,26466.21,14728.35
6,151,313.79,328.22,347.19,0,2,97,115.79,31837.34,20605.71
6,152,313.79,308.2,292.52,0,3,95,164.38,29279.0,13662.9
6,153,313.79,321.9,308.7,0,4,89,129.65,28649.1,17110.25
6,154,313.79,326.3,340.74,0,5,106,134.26,34587.8,20356.24
6,155,313.79,327.04,295.02,0,6,90,119.33,29433.6,18693.9
6,156,313.79,285.67,346.58,0,0,124,177.66,35423.08,13393.24
6,157,313.79,248.47,347.69,1,1,257,148.54,63856.79,25682.01
6,158,313.79,311.17,322.22,0,2,103,154.71,32050.51,16115.38
6,159,313.79,298.88,282.91,0,3,97,154.5,28991.36,14004.86
6,160,313.79,297.58,304.93,0,4,107,142.03,31841.06,16643.85
6,161,313.79,312.72,330.81,0,5,112,124.93,35024.64,21032.48
6,162,313.79,338.07,359.38,0,6,103,168.28,34821.21,17488.37
6,163,313.79,306.16,331.98,0,0,106,119.79,32452.96,19755.22
6,164,313.79,329.46,302.79,0,1,84,117.98,27674.64,17764.32
6,165,313.79,288.49,332.15,0,2,117,165.54,33753.33,14385.15
6,166,313.79,312.29,324.77,0,3,100,126.21,31229.0,18608.0
6,167,313.79,344.65,343.59,0,4,87,133.89,29984.55,18336.12
6,168,313.79,330.76,290.8,0,5,94,147.11,31091.44,17263.1
6,169,313.79,295.62,342.11,0,6,121,145.08,35770.02,18215.34
6,170,313.79,313.88,324.87,0,0,100,165.41,31388.0,14847.0
6,171,313.79,297.07,357.96,0,1,125,158.73,37133.75,17292.5
6,172,313.79,308.11,309.23,0,2,100,160.38,30811.0,14773.0
6,173,313.79,331.37,332.04,0,3,94,165.84,31148.78,15559.82
6,174,313.79,330.81,355.53,0,4,99,132.78,32750.19,19604.97
6,175,313.79,296.73,290.45,0,5,109,135.11,32343.57,17616.58
6,176,313.79,340.29,355.93,0,6,96,144.19,32667.84,18825.6
6,177,313.79,319.6,336.37,0,0,101,133.95,32279.6,18750.65
6,178,313.79,306.25,287.73,0,1,91,187.09,27868.75,10843.56
6,179,313.79,313.91,306.02,0,2,92,173.69,28879.72,12900.24
6,180,313.79,320.38,337.97,0,3,99,122.74,31717.62,19566.36
6,181,313.79,317.55,287.69,0,4,91,110.27,28897.05,18862.48
6,182,313.79,279.32,328.08,1,5,228,113.18,63684.96,37879.92
6,183,313.79,283.37,309.54,1,6,206,128.97,58374.22,31806.4
6,184,313.79,293.48,331.12,0,0,114,118.79,33456.72,19914.66
6,185,313.79,333.42,286.0,0,1,73,151.67,24339.66,13267.75
6,186,313.79,316.41,350.78,0,2,107,177.13,33855.87,14902.96
6,187,313.79,281.69,358.78,1,3,216,167.62,60845.04,24639.12
6,188,313.79,330.49,358.42,0,4,99,126.74,32718.51,20171.25
6,189,313.79,340.93,341.22,0,5,91,141.15,31024.63,18179.98
6,190,313.79,341.86,292.62,0,6,84,149.67,28716.24,16143.96
6,191,313.79,305.57,341.89,0,0,113,173.39,34529.41,14936.34
6,192,313.79,290.92,284.34,0,1,98,175.65,28510.16,11296.46
6,193,313.79,314.94,284.15,0,2,87,181.19,27399.78,11636.25
6,194,313.79,289.48,307.8,0,3,113,149.78,32711.24,15786.1
6,195,313.79,341.03,320.74,0,4,83,164.29,28305.49,14669.42
6,196,313.79,293.93,342.85,0,5,128,118.6,37623.04,22442.24
6,197,313.79,298.27,336.01,0,6,128,154.17,38178.56,18444.8
6,198,313.79,307.93,317.39,0,0,101,129.34,31100.93,18037.59
6,199,313.79,306.46,303.88,0,1,94,143.69,28807.24,15300.38
6,200,313.79,332.28,360.63,0,2,93,159.57,30902.04,16062.03
