data/pricing_data.csv
product_id,day,base_price,price,competitor_price,promo,day_of_week,units_sold,cost_per_unit,revenue,profit
8,1,1059.48,1043.42,1008.05,0,0,85,603.31,88690.7,37409.35
8,2,1059.48,1048.18,983.18,0,1,78,397.31,81758.04,50767.86
8,3,1059.48,1007.38,1024.98,0,2,87,439.09,87642.06,49441.23
8,4,1059.48,1128.37,968.65,0,3,63,569.95,71087.31,35180.46
8,5,1059.48,1056.36,1094.22,0,4,85,395.98,89790.6,56132.3
8,6,1059.48,1068.68,1201.61,0,5,94,455.78,100455.92,57612.6
8,7,1059.48,1018.11,963.95,0,6,97,473.36,98756.67,52840.75
8,8,1059.48,992.06,985.88,0,0,90,535.72,89285.4,41070.6
8,9,1059.48,971.74,1073.31,0,1,100,412.7,97174.0,55904.0
8,10,1059.48,1104.85,1200.89,0,2,86,598.77,95017.1,43522.88
8,11,1059.48,995.11,1037.27,0,3,94,489.36,93540.34,47540.5
8,12,1059.48,1099.76,1087.88,0,4,77,613.71,84681.52,37425.85
8,13,1059.48,1036.25,964.54,0,5,84,494.74,87045.0,45486.84
8,14,1059.48,1041.63,992.82,0,6,89,443.67,92705.07,53218.44
8,15,1059.48,1052.95,1214.86,0,0,95,408.38,100030.25,61234.15
8,16,1059.48,1031.45,1209.16,0,1,94,371.81,96956.3,62006.16
8,17,1059.48,974.85,954.84,0,2,93,511.77,90661.05,43066.44
8,18,1059.48,1019.14,1205.64,0,3,100,399.2,101914.0,61994.0
8,19,1059.48,1094.17,1122.82,0,4,83,474.57,90816.11,51426.8
8,20,1059.48,1094.61,1183.42,0,5,97,526.9,106177.17,55067.87
8,21,1059.48,1014.18,1073.98,0,6,100,443.84,101418.0,57034.0
8,22,1059.48,813.38,1090.1,1,0,228,417.23,185450.64,90322.2
8,23,1059.48,994.52,1083.01,0,1,98,576.02,97462.96,41013.0
8,24,1059.48,998.11,1130.16,0,2,96,621.59,95818.56,36145.92
8,25,1059.48,958.42,990.52,0,3,96,397.42,92008.32,53856.0
8,26,1059.48,1143.55,961.47,0,4,61,412.03,69756.55,44622.72
8,27,1059.48,998.18,1035.09,0,5,97,625.1,96823.46,36188.76
8,28,1059.48,1001.75,1140.18,0,6,115,380.83,115201.25,71405.8
8,29,1059.48,801.04,1007.0,1,0,218,629.76,174626.72,37339.04
8,30,1059.48,973.41,1131.9,1,1,162,372.05,157692.42,97420.32
8,31,1059.48,1088.99,1210.43,0,2,91,602.23,99098.09,44295.16
8,32,1059.48,969.45,978.4,0,3,94,452.22,91128.3,48619.62
8,33,1059.48,981.97,1131.68,0,4,99,619.42,97215.03,35892.45
8,34,1059.48,996.61,1071.07,1,5,168,454.77,167430.48,91029.12
8,35,1059.48,810.01,1183.48,1,6,268,544.12,217082.68,71258.52
8,36,1059.48,1103.54,1000.45,0,0,70,392.02,77247.8,49806.4
8,37,1059.48,1071.65,1136.99,0,1,93,435.0,99663.45,59208.45
8,38,1059.48,1007.78,1175.52,0,2,94,575.74,94731.32,40611.76
8,39,1059.48,1091.44,1203.73,0,3,88,510.85,96046.72,51091.92
8,40,1059.48,978.17,1134.5,0,4,106,616.61,103686.02,38325.36
8,41,1059.48,1067.2,1085.22,0,5,93,484.38,99249.6,54202.26
8,42,1059.48,1046.16,1117.18,0,6,97,601.21,101477.52,43160.15
8,43,1059.48,1010.29,1183.68,0,0,99,489.73,100018.71,51535.44
8,44,1059.48,1081.52,1104.67,0,1,83,630.19,89766.16,37460.39
8,45,1059.48,943.79,961.58,1,2,156,625.05,147231.24,49723.44
8,46,1059.48,1165.2,1200.11,0,3,77,458.0,89720.4,54454.4
8,47,1059.48,1082.31,1136.17,0,4,87,605.47,94160.97,41485.08
8,48,1059.48,1039.29,1132.72,0,5,97,595.32,100811.13,43065.09
8,49,1059.48,1001.25,1010.66,0,6,97,426.62,97121.25,55739.11
8,50,1059.48,1008.01,1128.05,0,0,93,536.17,93744.93,43881.12
8,51,1059.48,1055.13,1057.85,0,1,81,390.07,85465.53,53869.86
8,52,1059.48,1031.36,1126.02,0,2,95,592.44,97979.2,41697.4
8,53,1059.48,1147.17,981.77,0,3,62,417.05,71124.54,45267.44
8,54,1059.48,1031.57,1127.78,0,4,100,389.57,103157.0,64200.0
8,55,1059.48,1032.66,1218.25,0,5,108,476.82,111527.28,60030.72
8,56,1059.48,1034.8,966.3,0,6,86,523.63,88992.8,43960.62
8,57,1059.48,1130.81,1212.36,0,0,81,597.26,91595.61,43217.55
8,58,1059.48,1091.43,1061.31,0,1,75,628.87,81857.25,34692.0
8,59,1059.48,1083.67,1184.17,0,2,86,487.23,93195.62,51293.84
8,60,1059.48,1024.34,1160.76,0,3,99,386.83,101409.66,63113.49
8,61,1059.48,1126.84,1103.72,0,4,75,569.24,84513.0,41820.0
8,62,1059.48,961.66,1149.13,0,5,115,520.52,110590.9,50731.1
8,63,1059.48,1138.05,1186.22,0,6,83,489.45,94458.15,53833.8
8,64,1059.48,1062.18,1060.58,0,0,80,452.73,84974.4,48756.0
8,65,1059.48,1037.92,1040.15,0,1,84,503.89,87185.28,44858.52
8,66,1059.48,1058.88,1130.36,0,2,91,460.52,96358.08,54450.76
8,67,1059.48,864.4,1167.51,1,3,208,571.33,179795.2,60958.56
8,68,1059.48,956.24,1155.44,0,4,108,514.88,103273.92,47666.88
8,69,1059.48,1138.21,1164.85,0,5,85,603.07,96747.85,45486.9
8,70,1059.48,1048.19,1068.9,0,6,87,514.79,91192.53,46405.8
8,71,1059.48,1026.21,1170.15,0,0,93,433.93,95437.53,55082.04
8,72,1059.48,982.83,985.37,0,1,88,596.25,86489.04,34019.04
8,73,1059.48,1046.65,1097.75,0,2,84,518.41,87918.6,44372.16
8,74,1059.48,948.66,955.06,1,3,151,425.6,143247.66,78982.06
8,75,1059.48,1039.06,1039.51,0,4,83,535.97,86241.98,41756.47
8,76,1059.48,1097.34,1050.6,0,5,81,465.57,88884.54,51173.37
8,77,1059.48,1042.72,1058.47,0,6,94,594.48,98015.68,42134.56
8,78,1059.48,1157.25,1137.74,0,0,77,490.88,89108.25,51310.49
8,79,1059.48,1080.52,1056.45,0,1,83,563.23,89683.16,42935.07
8,80,1059.48,1124.63,1072.38,0,2,67,396.12,75350.21,48810.17
8,81,1059.48,976.7,1016.45,0,3,96,475.71,93763.2,48095.04
8,82,1059.48,1037.72,1052.4,0,4,85,631.25,88206.2,34549.95
8,83,1059.48,1024.91,1013.73,0,5,93,584.95,95316.63,40916.28
8,84,1059.48,1074.2,972.92,0,6,78,413.18,83787.6,51559.56
8,85,1059.48,1136.0,1113.37,0,0,74,444.39,84064.0,51179.14
8,86,1059.48,970.13,1130.52,0,1,104,458.18,100893.52,53242.8
8,87,1059.48,968.91,1117.62,0,2,102,543.08,98828.82,43434.66
8,88,1059.48,1133.71,1076.3,0,3,69,571.32,78225.99,38804.91
8,89,1059.48,998.63,1054.13,0,4,91,569.35,90875.33,39064.48
8,90,1059.48,1095.24,1182.2,0,5,93,505.87,101857.32,54811.41
8,91,1059.48,1068.57,1091.02,0,6,93,585.58,99377.01,44918.07
8,92,1059.48,1130.02,1080.45,0,0,75,486.59,84751.5,48257.25
8,93,1059.48,843.95,960.32,1,1,192,403.63,162038.4,84541.44
8,94,1059.48,981.03,1043.92,0,2,96,520.32,94178.88,44228.16
8,95,1059.48,1071.52,1054.23,0,3,82,623.05,87864.64,36774.54
8,96,1059.48,1154.07,1059.17,0,4,71,580.86,81938.97,40697.91
8,97,1059.48,901.43,1107.2,1,5,208,524.1,187497.44,78484.64
8,98,1059.48,1022.81,1094.87,0,6,99,542.14,101258.19,47586.33
8,99,1059.48,1082.09,1114.55,0,0,83,617.3,89813.47,38577.57
8,100,1059.48,1150.69,1156.13,0,1,71,484.27,81698.99,47315.82
8,101,1059.48,1130.87,1168.87,0,2,77,458.59,87076.99,51765.56
8,102,1059.48,1164.47,1143.74,0,3,74,629.66,86170.78,39575.94
8,103,1059.48,978.47,1206.62,1,4,173,599.52,169275.31,65558.35
8,104,1059.48,977.45,958.36,0,5,97,456.38,94812.65,50543.79
8,105,1059.48,1082.68,1005.39,0,6,82,493.66,88779.76,48299.64
8,106,1059.48,959.02,955.54,1,0,145,480.76,139057.9,69347.7
8,107,1059.48,1013.97,1125.03,0,1,97,410.31,98355.09,58555.02
8,108,1059.48,1004.22,1191.39,0,2,101,624.52,101426.22,38349.7
8,109,1059.48,1120.29,1018.02,0,3,68,477.91,76179.72,43681.84
8,110,1059.48,965.48,1199.08,0,4,108,602.67,104271.84,39183.48
8,111,1059.48,1031.8,969.5,0,5,87,420.97,89766.6,53142.21
8,112,1059.48,1060.71,1201.04,0,6,99,515.93,105010.29,53933.22
8,113,1059.48,1072.27,1046.67,0,0,81,377.16,86853.87,56303.91
8,114,1059.48,1107.92,980.4,0,1,66,573.24,73122.72,35288.88
8,115,1059.48,1028.72,1082.22,0,2,94,524.68,96699.68,47379.76
8,116,1059.48,1083.36,1021.54,0,3,79,536.52,85585.44,43200.36
8,117,1059.48,930.0,1028.99,1,4,166,384.52,154380.0,90549.68
8,118,1059.48,1069.57,1034.92,0,5,86,426.72,91983.02,55285.1
8,119,1059.48,886.79,1166.23,1,6,220,390.51,195093.8,109181.6
8,120,1059.48,1008.51,1096.34,0,0,93,447.34,93791.43,52188.81
8,121,1059.48,971.47,1035.99,0,1,103,537.01,100061.41,44749.38
8,122,1059.48,978.81,1115.19,0,2,100,520.78,97881.0,45803.0
8,123,1059.48,1001.12,1143.22,0,3,100,532.96,100112.0,46816.0
8,124,1059.48,1059.52,1025.74,0,4,81,516.3,85821.12,44000.82
8,125,1059.48,1131.62,1063.07,0,5,75,443.14,84871.5,51636.0
8,126,1059.48,1102.13,985.82,0,6,73,435.58,80455.49,48658.15
8,127,1059.48,1120.73,1001.51,0,0,64,407.12,71726.72,45671.04
8,128,1059.48,1027.9,1133.94,0,1,90,595.71,92511.0,38897.1
8,129,1059.48,1039.28,1001.59,0,2,72,534.1,74828.16,36372.96
8,130,1059.48,1036.95,1092.63,0,3,90,420.22,93325.5,55505.7
8,131,1059.48,994.19,1141.34,0,4,106,417.76,105384.14,61101.58
8,132,1059.48,966.5,981.84,0,5,103,602.06,99549.5,37537.32
8,133,1059.48,1078.74,1103.8,0,6,86,567.55,92771.64,43962.34
8,134,1059.48,1163.14,1021.49,0,0,61,545.47,70951.54,37677.87
8,135,1059.48,988.88,1208.58,0,1,104,478.58,102843.52,53071.2
8,136,1059.48,963.42,1081.61,0,2,99,440.21,95378.58,51797.79
8,137,1059.48,1118.71,1167.02,0,3,82,630.25,91734.22,40053.72
8,138,1059.48,1007.05,1099.27,0,4,97,581.98,97683.85,41231.79
8,139,1059.48,1129.33,965.03,0,5,66,450.75,74535.78,44786.28
8,140,1059.48,1102.69,1121.23,0,6,89,595.31,98139.41,45156.82
8,141,1059.48,1153.92,1205.53,0,0,81,571.84,93467.52,47148.48
8,142,1059.48,1040.18,1112.88,0,1,95,449.51,98817.1,56113.65
8,143,1059.48,1093.8,1170.51,0,2,92,483.8,100629.6,56120.0
8,144,1059.48,1052.03,1187.73,0,3,89,420.07,93630.67,56244.44
8,145,1059.48,1087.15,1013.94,0,4,82,400.23,89146.3,56327.44
8,146,1059.48,1048.8,1009.7,0,5,86,562.26,90196.8,41842.44
8,147,1059.48,993.5,1115.36,0,6,106,441.67,105311.0,58493.98
8,148,1059.48,1061.15,1062.4,0,0,83,588.03,88075.45,39268.96
8,149,1059.48,1065.54,1175.99,0,1,87,634.52,92701.98,37498.74
8,150,1059.48,1125.3,1191.92,0,2,81,391.11,91149.3,59469.39
8,151,1059.48,1109.39,1047.14,0,3,69,496.11,76547.91,42316.32
8,152,1059.48,1094.19,1016.27,0,4,72,583.26,78781.68,36786.96
8,153,1059.48,977.56,1160.27,0,5,119,579.79,116329.64,47334.63
8,154,1059.48,1106.23,1026.32,0,6,78,572.12,86285.94,41660.58
8,155,1059.48,1059.54,1171.42,0,0,90,463.26,95358.6,53665.2
8,156,1059.48,1142.99,1065.77,0,1,71,491.03,81152.29,46289.16
8,157,1059.48,1148.45,1130.35,0,2,76,528.41,87282.2,47123.04
8,158,1059.48,965.22,978.84,0,3,88,628.79,84939.36,29605.84
8,159,1059.48,1127.42,1118.77,0,4,77,457.58,86811.34,51577.68
8,160,1059.48,961.52,1073.19,0,5,111,615.33,106728.72,38427.09
8,161,1059.48,1031.33,1108.91,0,6,100,442.16,103133.0,58917.0
8,162,1059.48,1068.44,998.03,0,0,78,632.79,83338.32,33980.7
8,163,1059.48,984.91,1148.71,0,1,99,548.35,97506.09,43219.44
8,164,1059.48,931.56,1182.06,1,2,183,493.59,170475.48,80148.51
8,165,1059.48,955.3,1010.94,0,3,92,533.29,87887.6,38824.92
8,166,1059.48,989.26,978.88,0,4,86,443.0,85076.36,46978.36
8,167,1059.48,1076.6,959.79,0,5,81,443.44,87204.6,51285.96
8,168,1059.48,1104.91,1123.57,0,6,86,400.9,95022.26,60544.86
8,169,1059.48,1147.77,1114.33,0,0,68,401.03,78048.36,50778.32
8,170,1059.48,1103.02,1098.34,0,1,76,462.91,83829.52,48648.36
8,171,1059.48,1095.88,1014.97,0,2,68,572.88,74519.84,35564.0
8,172,1059.48,1037.09,1057.07,0,3,82,531.85,85041.38,41429.68
8,173,1059.48,953.8,1110.99,0,4,107,397.99,102056.6,59471.67
8,174,1059.48,978.99,1085.11,0,5,105,596.55,102793.95,40156.2
8,175,1059.48,1066.8,1215.17,0,6,103,530.1,109880.4,55280.1
8,176,1059.48,1096.59,989.67,0,0,70,625.32,76761.3,32988.9
8,177,1059.48,1041.99,1137.65,0,1,91,548.33,94821.09,44923.06
8,178,1059.48,1108.36,1060.62,0,2,73,417.22,80910.28,50453.22
8,179,1059.48,1064.11,1066.95,0,3,84,496.31,89385.24,47695.2
8,180,1059.48,969.25,1143.6,0,4,107,542.59,103709.75,45652.62
8,181,1059.48,860.65,1136.94,1,5,232,378.3,199670.8,111905.2
8,182,1059.48,1131.52,1216.09,0,6,90,374.77,101836.8,68107.5
8,183,1059.48,1107.14,987.54,0,0,67,405.09,74178.38,47037.35
8,184,1059.48,1143.13,981.11,0,1,64,437.48,73160.32,45161.6
8,185,1059.48,978.44,1145.39,0,2,102,484.59,99800.88,50372.7
8,186,1059.48,1163.36,1106.73,0,3,69,499.93,80271.84,45776.67
8,187,1059.48,997.9,1026.15,0,4,90,407.38,89811.0,53146.8
8,188,1059.48,956.03,974.57,0,5,103,549.18,98471.09,41905.55
8,189,1059.48,1164.88,976.22,0,6,63,528.72,73387.44,40078.08
8,190,1059.48,1013.09,1190.38,0,0,101,448.81,102322.09,56992.28
8,191,1059.48,1095.08,1004.35,0,1,75,374.44,82131.0,54048.0
8,192,1059.48,990.97,1039.18,0,2,96,391.38,95133.12,57560.64
8,193,1059.48,1076.48,1013.57,0,3,71,474.57,76430.08,42735.61
8,194,1059.48,1145.09,1047.56,0,4,71,411.6,81301.39,52077.79
8,195,1059.48,1021.38,971.92,0,5,88,470.63,89881.44,48466.0
8,196,1059.48,1095.56,1091.02,0,6,88,537.2,96409.28,49135.68
8,197,1059.48,993.35,971.44,0,0,84,515.76,83441.4,40117.56
8,198,1059.48,1085.92,1165.52,0,1,85,432.05,92303.2,55578.95
8,199,1059.48,889.76,1015.44,1,2,183,461.89,162826.08,78300.21
8,200,1059.48,891.93,1096.56,1,3,187,533.46,166790.91,67033.89
