data/pricing_data.csv
product_id,day,base_price,price,competitor_price,promo,day_of_week,units_sold,cost_per_unit,revenue,profit
10,1,893.48,844.0,951.62,0,1,125,498.25,105500.0,43218.75
10,2,893.48,814.23,974.87,0,2,136,392.11,110735.28,57408.32
10,3,893.48,822.61,863.34,0,3,121,375.61,99535.81,54087.0
10,4,893.48,881.24,808.81,0,4,106,500.55,93411.44,40353.14
10,5,893.48,845.22,822.49,0,5,116,323.92,98045.52,60470.8
10,6,893.48,896.33,1020.32,0,6,134,401.31,120108.22,66332.68
10,7,893.48,849.43,870.13,0,0,112,395.37,95136.16,50854.72
10,8,893.48,972.2,975.95,0,1,107,376.33,104025.4,63758.09
10,9,893.48,966.02,943.66,0,2,98,516.38,94669.96,44064.72
10,10,893.48,905.42,889.45,0,3,108,480.45,97785.36,45896.76
10,11,893.48,867.47,850.08,0,4,107,327.0,92819.29,57830.29
10,12,893.48,872.24,831.25,0,5,114,472.36,99435.36,45586.32
10,13,893.48,877.73,941.51,0,6,125,430.5,109716.25,55903.75
10,14,893.48,934.15,977.16,0,0,110,513.94,102756.5,46223.1
10,15,893.48,884.84,947.96,0,1,121,382.62,107065.64,60768.62
10,16,893.48,957.23,922.59,0,2,101,440.97,96680.23,52142.26
10,17,893.48,972.84,813.5,0,3,86,424.57,83664.24,47151.22
10,18,893.48,864.16,1020.46,0,4,133,422.07,114933.28,58797.97
10,19,893.48,904.33,982.54,0,5,130,414.6,117562.9,63664.9
10,20,893.48,821.12,869.54,0,6,131,358.65,107566.72,60583.57
10,21,893.48,839.96,1023.03,0,0,135,481.52,113394.6,48389.4
10,22,893.48,878.02,938.57,0,1,116,413.53,101850.32,53880.84
10,23,893.48,840.98,934.23,0,2,123,526.82,103440.54,38641.68
10,24,893.48,960.77,971.23,0,3,102,370.97,97998.54,60159.6
10,25,893.48,832.42,985.46,0,4,134,465.22,111544.28,49204.8
10,26,893.48,885.56,950.77,0,5,128,522.85,113351.68,46426.88
10,27,893.48,828.54,832.74,1,6,202,460.91,167365.08,74261.26
10,28,893.48,927.77,879.69,0,0,98,507.33,90921.46,41203.12
10,29,893.48,778.1,1011.44,1,1,233,497.55,181297.3,65368.15
10,30,893.48,959.44,854.3,0,2,90,393.16,86349.6,50965.2
10,31,893.48,905.69,887.26,0,3,106,446.77,96003.14,48645.52
10,32,893.48,882.67,900.65,0,4,115,347.62,101507.05,61530.75
10,33,893.48,816.15,902.28,0,5,141,432.34,115077.15,54117.21
10,34,893.48,887.17,941.04,0,6,128,364.19,113557.76,66941.44
10,35,893.48,950.79,1014.79,0,0,107,478.85,101734.53,50497.58
10,36,893.48,913.95,857.9,0,1,110,430.67,100534.5,53160.8
10,37,893.48,707.91,831.27,1,2,233,404.57,164943.03,70678.22
10,38,893.48,892.41,848.24,0,3,106,372.76,94595.46,55082.9
10,39,893.48,825.3,1002.24,0,4,132,535.8,108939.6,38214.0
10,40,893.48,806.57,948.39,0,5,146,328.74,117759.22,69763.18
10,41,893.48,858.32,867.99,0,6,123,322.45,105573.36,65912.01
10,42,893.48,928.86,986.39,0,0,117,361.25,108676.62,66410.37
10,43,893.48,945.35,996.54,0,1,112,529.63,105879.2,46560.64
10,44,893.48,824.47,993.22,1,2,211,531.45,173963.17,61827.22
10,45,893.48,892.7,1009.39,0,3,121,459.01,108016.7,52476.49
10,46,893.48,879.38,860.48,0,4,111,509.31,97611.18,41077.77
10,47,893.48,877.49,972.79,0,5,138,360.51,121093.62,71343.24
10,48,893.48,845.47,907.0,0,6,137,529.84,115829.39,43241.31
10,49,893.48,828.5,992.21,0,0,135,344.61,111847.5,65325.15
10,50,893.48,839.28,966.85,0,1,127,335.31,106588.56,64004.19
10,51,893.48,814.02,977.57,0,2,124,337.78,100938.48,59053.76
10,52,893.48,839.54,950.7,0,3,127,440.74,106621.58,50647.6
10,53,893.48,805.78,843.76,0,4,121,487.16,97499.38,38553.02
10,54,893.48,916.22,925.87,0,5,120,394.62,109946.4,62592.0
10,55,893.48,860.67,1024.08,0,6,143,531.15,123075.81,47121.36
10,56,893.48,978.03,1013.52,0,0,104,409.75,101715.12,59101.12
10,57,893.48,838.75,813.78,0,1,111,346.32,93101.25,54659.73
10,58,893.48,865.93,840.95,0,2,110,416.8,95252.3,49404.3
10,59,893.48,868.08,833.56,0,3,109,464.39,94620.72,44002.21
10,60,893.48,805.64,966.29,0,4,138,498.61,111178.32,42370.14
10,61,893.48,954.1,986.8,0,5,122,415.19,116400.2,65747.02
10,62,893.48,809.85,851.82,0,6,132,445.31,106900.2,48119.28
10,63,893.48,972.14,917.12,0,0,98,372.43,95269.72,58771.58
10,64,893.48,963.54,991.92,0,1,108,457.0,104062.32,54706.32
10,65,893.48,899.83,967.82,0,2,117,532.95,105280.11,42924.96
10,66,893.48,901.27,925.25,0,3,115,323.68,103646.05,66422.85
10,67,893.48,920.96,936.0,0,4,111,510.74,102226.56,45534.42
10,68,893.48,873.3,917.68,0,5,134,438.32,117022.2,58287.32
10,69,893.48,919.79,870.6,0,6,118,369.03,108535.22,64989.68
10,70,893.48,812.13,930.34,0,0,130,526.01,105576.9,37195.6
10,71,893.48,813.79,958.01,0,1,121,420.68,98468.59,47566.31
10,72,893.48,885.84,999.21,0,2,126,386.81,111615.84,62877.78
10,73,893.48,734.22,946.26,1,3,236,353.26,173275.92,89906.56
10,74,893.48,962.78,974.14,0,4,104,367.32,100129.12,61927.84
10,75,893.48,822.83,839.89,0,5,127,498.75,104499.41,41158.16
10,76,893.48,756.94,907.23,1,6,244,449.96,184693.36,74903.12
10,77,893.48,771.23,806.22,1,0,199,516.71,153474.77,50649.48
10,78,893.48,874.55,859.23,0,1,104,364.53,90953.2,53042.08
10,79,893.48,860.71,966.4,0,2,121,339.78,104145.91,63032.53
10,80,893.48,875.64,1025.67,0,3,128,314.08,112081.92,71879.68
10,81,893.48,831.02,826.29,0,4,115,426.16,95567.3,46558.9
10,82,893.48,894.12,893.81,0,5,122,535.71,109082.64,43726.02
10,83,893.48,947.38,982.84,0,6,119,467.95,112738.22,57052.17
10,84,893.48,883.03,849.71,0,0,103,381.6,90952.09,51647.29
10,85,893.48,891.8,928.12,0,1,112,508.58,99881.6,42920.64
10,86,893.48,955.8,967.88,0,2,108,487.33,103226.4,50594.76
10,87,893.48,930.3,941.72,0,3,113,316.16,105123.9,69397.82
10,88,893.48,891.77,846.13,0,4,97,495.18,86501.69,38469.23
10,89,893.48,850.18,883.51,0,5,128,379.85,108823.04,60202.24
10,90,893.48,962.26,979.21,0,6,114,346.15,109697.64,70236.54
10,91,893.48,907.24,927.93,0,0,106,363.27,96167.44,57660.82
10,92,893.48,843.65,805.3,0,1,110,417.38,92801.5,46889.7
10,93,893.48,693.23,974.11,1,2,260,407.62,180239.8,74258.6
10,94,893.48,947.65,812.02,0,3,90,377.25,85288.5,51336.0
10,95,893.48,812.02,970.71,0,4,137,351.19,111246.74,63133.71
10,96,893.48,981.41,849.36,0,5,95,482.98,93233.95,47350.85
10,97,893.48,827.43,1018.14,0,6,148,533.88,122459.64,43445.4
10,98,893.48,946.39,886.32,0,0,105,486.45,99370.95,48293.7
10,99,893.48,874.68,877.16,0,1,110,378.82,96214.8,54544.6
10,100,893.48,892.09,837.39,0,2,105,367.4,93669.45,55092.45
10,101,893.48,961.5,872.39,0,3,94,361.34,90381.0,56415.04
10,102,893.48,877.92,999.95,0,4,118,343.25,103594.56,63091.06
10,103,893.48,900.18,1026.68,0,5,129,435.87,116123.22,59895.99
10,104,893.48,744.97,886.4,1,6,244,447.95,181772.68,72472.88
10,105,893.48,762.54,904.34,1,0,224,470.31,170808.96,65459.52
10,106,893.48,847.88,965.42,0,1,129,464.66,109376.52,49435.38
10,107,893.48,925.75,1002.08,0,2,118,378.02,109238.5,64632.14
10,108,893.48,825.8,936.6,0,3,125,386.5,103225.0,54912.5
10,109,893.48,824.46,891.59,0,4,128,464.95,105530.88,46017.28
10,110,893.48,877.57,896.3,0,5,121,390.77,106185.97,58902.8
10,111,893.48,689.67,959.51,1,6,284,360.21,195866.28,93566.64
10,112,893.48,931.38,804.85,0,0,90,396.33,83824.2,48154.5
10,113,893.48,836.02,942.53,0,1,126,373.49,105338.52,58278.78
10,114,893.48,818.35,883.54,0,2,127,332.44,103930.45,61710.57
10,115,893.48,713.97,981.53,1,3,249,498.15,177778.53,53739.18
10,116,893.48,850.71,824.9,0,4,105,503.28,89324.55,36480.15
10,117,893.48,956.62,935.52,0,5,113,361.8,108098.06,67214.66
10,118,893.48,958.43,911.57,0,6,109,327.19,104468.87,68805.16
10,119,893.48,942.18,947.61,0,0,117,477.75,110235.06,54338.31
10,120,893.48,834.3,818.62,0,1,113,359.97,94275.9,53599.29
10,121,893.48,684.16,933.68,1,2,255,400.6,174460.8,72307.8
10,122,893.48,941.59,929.55,0,3,102,327.04,96042.18,62684.1
10,123,893.48,910.76,929.37,0,4,105,363.26,95629.8,57487.5
10,124,893.48,864.39,938.93,0,5,129,489.83,111506.31,48318.24
10,125,893.48,851.04,955.23,0,6,137,492.4,116592.48,49133.68
10,126,893.48,825.91,983.94,0,0,137,358.97,113149.67,63970.78
10,127,893.48,895.22,864.4,0,1,109,387.75,97578.98,55314.23
10,128,893.48,908.72,988.42,0,2,118,342.7,107228.96,66790.36
10,129,893.48,868.34,915.43,0,3,116,329.29,100727.44,62529.8
10,130,893.48,889.08,821.34,0,4,101,534.34,89797.08,35828.74
10,131,893.48,869.09,817.21,0,5,113,459.16,98207.17,46322.09
10,132,893.48,918.68,878.79,0,6,118,433.81,108404.24,57214.66
10,133,893.48,965.18,979.45,0,0,106,483.71,102309.08,51035.82
10,134,893.48,833.42,962.21,0,1,128,500.37,106677.76,42630.4
10,135,893.48,872.29,980.28,0,2,116,492.91,101185.64,44008.08
10,136,893.48,829.3,919.67,0,3,124,316.41,102833.2,63598.36
10,137,893.48,915.81,902.46,0,4,109,354.45,99823.29,61188.24
10,138,893.48,934.38,837.07,0,5,101,459.0,94372.38,48013.38
10,139,893.48,970.66,877.44,0,6,101,396.65,98036.66,57975.01
10,140,893.48,853.97,901.08,0,0,120,532.18,102476.4,38614.8
10,141,893.48,973.93,823.92,0,1,81,461.35,78888.33,41518.98
10,142,893.48,815.44,853.41,0,2,123,526.38,100299.12,35554.38
10,143,893.48,811.29,937.76,1,3,208,357.72,168748.32,94342.56
10,144,893.48,814.34,968.46,0,4,132,505.7,107492.88,40740.48
10,145,893.48,963.85,1027.13,0,5,119,384.5,114698.15,68942.65
10,146,893.48,898.81,1012.56,0,6,135,533.76,121339.35,49281.75
10,147,893.48,725.31,947.66,1,0,249,347.94,180602.19,93965.13
10,148,893.48,952.73,898.23,0,1,102,428.05,97178.46,53517.36
10,149,893.48,830.99,946.23,0,2,125,489.82,103873.75,42646.25
10,150,893.48,811.03,979.62,0,3,138,409.36,111922.14,55430.46
10,151,893.48,961.18,830.56,0,4,88,417.27,84583.84,47864.08
10,152,893.48,860.41,895.69,0,5,132,533.04,113574.12,43212.84
10,153,893.48,827.18,991.72,0,6,149,407.72,123249.82,62499.54
10,154,893.48,887.84,889.87,0,0,101,447.65,89671.84,44459.19
10,155,893.48,911.05,931.87,0,1,108,324.9,98393.4,63304.2
10,156,893.48,809.67,935.42,0,2,134,500.84,108495.78,41383.22
10,157,893.48,853.25,845.34,0,3,112,457.5,95564.0,44324.0
10,158,893.48,809.99,885.04,0,4,122,402.96,98818.78,49657.66
10,159,893.48,879.24,878.85,0,5,119,316.33,104629.56,66986.29
10,160,893.48,964.08,809.98,0,6,88,444.88,84839.04,45689.6
10,161,893.48,811.51,809.54,1,0,184,315.55,149317.84,91256.64
10,162,893.48,917.97,989.91,0,1,122,312.99,111992.34,73807.56
10,163,893.48,833.02,865.13,0,2,120,450.34,99962.4,45921.6
10,164,893.48,966.0,919.86,0,3,106,354.94,102396.0,64772.36
10,165,893.48,896.38,870.86,0,4,109,355.58,97705.42,58947.2
10,166,893.48,840.28,1014.25,1,5,236,458.64,198306.08,90067.04
10,167,893.48,968.84,862.05,0,6,107,324.71,103665.88,68921.91
10,168,893.48,939.49,900.1,0,0,103,382.72,96767.47,57347.31
10,169,893.48,934.88,999.07,0,1,113,346.1,105641.44,66532.14
10,170,893.48,930.86,992.19,0,2,117,442.31,108910.62,57160.35
10,171,893.48,839.93,845.7,0,3,118,460.54,99111.74,44768.02
10,172,893.48,841.84,983.42,0,4,128,473.8,107755.52,47109.12
10,173,893.48,927.13,906.48,0,5,113,369.73,104765.69,62986.2
10,174,893.48,843.4,912.01,0,6,134,332.65,113015.6,68440.5
10,175,893.48,882.52,833.95,0,0,106,330.29,93547.12,58536.38
10,176,893.48,672.61,822.14,1,1,243,407.91,163444.23,64322.1
10,177,893.48,944.22,966.73,0,2,104,523.99,98198.88,43703.92
10,178,893.48,885.13,915.03,0,3,119,361.35,105330.47,62329.82
10,179,893.48,945.69,901.71,0,4,99,370.07,93623.31,56986.38
10,180,893.48,953.99,967.08,0,5,117,335.25,111616.83,72392.58
10,181,893.48,921.14,975.12,0,6,122,447.98,112379.08,57725.52
10,182,893.48,844.95,839.63,0,0,120,464.58,101394.0,45644.4
10,183,893.48,853.1,940.44,0,1,123,456.33,104931.3,48802.71
10,184,893.48,860.39,834.37,0,2,106,505.07,91201.34,37663.92
10,185,893.48,825.0,971.97,0,3,134,421.37,110550.0,54086.42
10,186,893.48,852.94,950.88,0,4,126,342.75,107470.44,64283.94
10,187,893.48,841.57,1017.81,0,5,145,377.36,122027.65,67310.45
10,188,893.48,885.5,819.54,0,6,114,460.68,100947.0,48429.48
10,189,893.48,966.47,816.88,0,0,83,449.67,80217.01,42894.4
10,190,893.48,822.8,867.16,0,1,119,431.33,97913.2,46584.93
10,191,893.48,932.84,862.59,0,2,92,465.27,85821.28,43016.44
10,192,893.48,926.95,859.3,0,3,95,455.09,88060.25,44826.7
10,193,893.48,821.24,1006.56,0,4,141,509.58,115794.84,43944.06
10,194,893.48,968.99,859.87,0,5,106,443.62,102712.94,55689.22
10,195,893.48,905.72,864.88,0,6,114,486.63,103252.08,47776.26
10,196,893.48,869.13,973.76,0,0,128,368.27,111248.64,64110.08
10,197,893.48,939.32,904.59,0,1,102,464.2,95810.64,48462.24
10,198,893.48,850.12,977.63,0,2,126,514.24,107115.12,42320.88
10,199,893.48,928.06,818.73,0,3,93,398.88,86309.58,49213.74
10,200,893.48,811.23,913.04,0,4,128,486.75,103837.44,41533.44
